Copyright 1986-2022 Xilinx, Inc. All Rights Reserved. Copyright 2022-2023 Advanced Micro Devices, Inc. All Rights Reserved.
---------------------------------------------------------------------------------------------------------------------------------------------
| Tool Version : Vivado v.2023.2 (lin64) Build 4029153 Fri Oct 13 20:13:54 MDT 2023
| Date         : Fri Apr 24 23:01:29 2026
| Host         : lambda135.internal.sifive.com running 64-bit Red Hat Enterprise Linux release 8.10 (Ootpa)
| Command      : report_drc -file /home/wzhang/Desktop/tool/vivado-design-assist/.vmc/reports/opt/vm_drc_opt.rpt
| Design       : SiFive_CoreIPSubsystem
| Device       : xcvu9p-flga2104-2L-e
| Speed File   : -2L
| Design State : Synthesized
---------------------------------------------------------------------------------------------------------------------------------------------

Report DRC

Table of Contents
-----------------
1. REPORT SUMMARY
2. REPORT DETAILS

1. REPORT SUMMARY
-----------------
            Netlist: netlist
          Floorplan: checkpoint_SiFive_CoreIPSubsystem_opt
      Design limits: <entire design considered>
           Ruledeck: default
             Max violations: <unlimited>
             Violations found: 80
+-------------+----------+-------------------------------------------------------------+------------+
| Rule        | Severity | Description                                                 | Violations |
+-------------+----------+-------------------------------------------------------------+------------+
| DPIP-2      | Warning  | Input pipelining                                            | 24         |
| DPOP-3      | Warning  | PREG Output pipelining                                      | 14         |
| DPOP-4      | Warning  | MREG Output pipelining                                      | 14         |
| PLHOLDVIO-2 | Warning  | Non-Optimal connections which could lead to hold violations | 28         |
+-------------+----------+-------------------------------------------------------------+------------+

2. REPORT DETAILS
-----------------
DPIP-2#1 Warning
Input pipelining  
DSP tile_prci_domain/tile_clock_domain/tile/core/fpu/fmas_0/fmaMod/_mulAddResult_T input tile_prci_domain/tile_clock_domain/tile/core/fpu/fmas_0/fmaMod/_mulAddResult_T/A[29:0] is not pipelined. Pipelining DSP48 input will improve performance.
Related violations: <none>

DPIP-2#2 Warning
Input pipelining  
DSP tile_prci_domain/tile_clock_domain/tile/core/fpu/fmas_0/fmaMod/_mulAddResult_T input tile_prci_domain/tile_clock_domain/tile/core/fpu/fmas_0/fmaMod/_mulAddResult_T/B[17:0] is not pipelined. Pipelining DSP48 input will improve performance.
Related violations: <none>

DPIP-2#3 Warning
Input pipelining  
DSP tile_prci_domain/tile_clock_domain/tile/core/fpu/fmas_0/fmaMod/_mulAddResult_T__0 input tile_prci_domain/tile_clock_domain/tile/core/fpu/fmas_0/fmaMod/_mulAddResult_T__0/B[17:0] is not pipelined. Pipelining DSP48 input will improve performance.
Related violations: <none>

DPIP-2#4 Warning
Input pipelining  
DSP tile_prci_domain/tile_clock_domain/tile/core/mul/prod input tile_prci_domain/tile_clock_domain/tile/core/mul/prod/A[29:0] is not pipelined. Pipelining DSP48 input will improve performance.
Related violations: <none>

DPIP-2#5 Warning
Input pipelining  
DSP tile_prci_domain/tile_clock_domain/tile/core/mul/prod input tile_prci_domain/tile_clock_domain/tile/core/mul/prod/B[17:0] is not pipelined. Pipelining DSP48 input will improve performance.
Related violations: <none>

DPIP-2#6 Warning
Input pipelining  
DSP tile_prci_domain/tile_clock_domain/tile/core/mul/prod__0 input tile_prci_domain/tile_clock_domain/tile/core/mul/prod__0/B[17:0] is not pipelined. Pipelining DSP48 input will improve performance.
Related violations: <none>

DPIP-2#7 Warning
Input pipelining  
DSP tile_prci_domain/tile_clock_domain/tile/core/mul/prod__1 input tile_prci_domain/tile_clock_domain/tile/core/mul/prod__1/A[29:0] is not pipelined. Pipelining DSP48 input will improve performance.
Related violations: <none>

DPIP-2#8 Warning
Input pipelining  
DSP tile_prci_domain/tile_clock_domain/tile/core/mul/prod__1 input tile_prci_domain/tile_clock_domain/tile/core/mul/prod__1/B[17:0] is not pipelined. Pipelining DSP48 input will improve performance.
Related violations: <none>

DPIP-2#9 Warning
Input pipelining  
DSP tile_prci_domain/tile_clock_domain/tile/core/mul/prod__2 input tile_prci_domain/tile_clock_domain/tile/core/mul/prod__2/A[29:0] is not pipelined. Pipelining DSP48 input will improve performance.
Related violations: <none>

DPIP-2#10 Warning
Input pipelining  
DSP tile_prci_domain/tile_clock_domain/tile/core/mul/prod__4 input tile_prci_domain/tile_clock_domain/tile/core/mul/prod__4/B[17:0] is not pipelined. Pipelining DSP48 input will improve performance.
Related violations: <none>

DPIP-2#11 Warning
Input pipelining  
DSP tile_prci_domain/tile_clock_domain/tile/core/mul/prod__5 input tile_prci_domain/tile_clock_domain/tile/core/mul/prod__5/A[29:0] is not pipelined. Pipelining DSP48 input will improve performance.
Related violations: <none>

DPIP-2#12 Warning
Input pipelining  
DSP tile_prci_domain/tile_clock_domain/tile/core/mul/prod__6 input tile_prci_domain/tile_clock_domain/tile/core/mul/prod__6/B[17:0] is not pipelined. Pipelining DSP48 input will improve performance.
Related violations: <none>

DPIP-2#13 Warning
Input pipelining  
DSP tile_prci_domain_1/tile_clock_domain/tile/core/fpu/fmas_0/fmaMod/_mulAddResult_T input tile_prci_domain_1/tile_clock_domain/tile/core/fpu/fmas_0/fmaMod/_mulAddResult_T/A[29:0] is not pipelined. Pipelining DSP48 input will improve performance.
Related violations: <none>

DPIP-2#14 Warning
Input pipelining  
DSP tile_prci_domain_1/tile_clock_domain/tile/core/fpu/fmas_0/fmaMod/_mulAddResult_T input tile_prci_domain_1/tile_clock_domain/tile/core/fpu/fmas_0/fmaMod/_mulAddResult_T/B[17:0] is not pipelined. Pipelining DSP48 input will improve performance.
Related violations: <none>

DPIP-2#15 Warning
Input pipelining  
DSP tile_prci_domain_1/tile_clock_domain/tile/core/fpu/fmas_0/fmaMod/_mulAddResult_T__0 input tile_prci_domain_1/tile_clock_domain/tile/core/fpu/fmas_0/fmaMod/_mulAddResult_T__0/B[17:0] is not pipelined. Pipelining DSP48 input will improve performance.
Related violations: <none>

DPIP-2#16 Warning
Input pipelining  
DSP tile_prci_domain_1/tile_clock_domain/tile/core/mul/prod input tile_prci_domain_1/tile_clock_domain/tile/core/mul/prod/A[29:0] is not pipelined. Pipelining DSP48 input will improve performance.
Related violations: <none>

DPIP-2#17 Warning
Input pipelining  
DSP tile_prci_domain_1/tile_clock_domain/tile/core/mul/prod input tile_prci_domain_1/tile_clock_domain/tile/core/mul/prod/B[17:0] is not pipelined. Pipelining DSP48 input will improve performance.
Related violations: <none>

DPIP-2#18 Warning
Input pipelining  
DSP tile_prci_domain_1/tile_clock_domain/tile/core/mul/prod__0 input tile_prci_domain_1/tile_clock_domain/tile/core/mul/prod__0/B[17:0] is not pipelined. Pipelining DSP48 input will improve performance.
Related violations: <none>

DPIP-2#19 Warning
Input pipelining  
DSP tile_prci_domain_1/tile_clock_domain/tile/core/mul/prod__1 input tile_prci_domain_1/tile_clock_domain/tile/core/mul/prod__1/A[29:0] is not pipelined. Pipelining DSP48 input will improve performance.
Related violations: <none>

DPIP-2#20 Warning
Input pipelining  
DSP tile_prci_domain_1/tile_clock_domain/tile/core/mul/prod__1 input tile_prci_domain_1/tile_clock_domain/tile/core/mul/prod__1/B[17:0] is not pipelined. Pipelining DSP48 input will improve performance.
Related violations: <none>

DPIP-2#21 Warning
Input pipelining  
DSP tile_prci_domain_1/tile_clock_domain/tile/core/mul/prod__2 input tile_prci_domain_1/tile_clock_domain/tile/core/mul/prod__2/A[29:0] is not pipelined. Pipelining DSP48 input will improve performance.
Related violations: <none>

DPIP-2#22 Warning
Input pipelining  
DSP tile_prci_domain_1/tile_clock_domain/tile/core/mul/prod__4 input tile_prci_domain_1/tile_clock_domain/tile/core/mul/prod__4/B[17:0] is not pipelined. Pipelining DSP48 input will improve performance.
Related violations: <none>

DPIP-2#23 Warning
Input pipelining  
DSP tile_prci_domain_1/tile_clock_domain/tile/core/mul/prod__5 input tile_prci_domain_1/tile_clock_domain/tile/core/mul/prod__5/A[29:0] is not pipelined. Pipelining DSP48 input will improve performance.
Related violations: <none>

DPIP-2#24 Warning
Input pipelining  
DSP tile_prci_domain_1/tile_clock_domain/tile/core/mul/prod__6 input tile_prci_domain_1/tile_clock_domain/tile/core/mul/prod__6/B[17:0] is not pipelined. Pipelining DSP48 input will improve performance.
Related violations: <none>

DPOP-3#1 Warning
PREG Output pipelining  
DSP tile_prci_domain/tile_clock_domain/tile/core/fpu/fmas_0/fmaMod/_mulAddResult_T output tile_prci_domain/tile_clock_domain/tile/core/fpu/fmas_0/fmaMod/_mulAddResult_T/P[47:0] is not pipelined (PREG=0). Pipelining the DSP48 output will improve performance and often saves power so it is suggested whenever possible to fully pipeline this function.  If this DSP48 function was inferred, it is suggested to describe an additional register stage after this function.  If the DSP48 was instantiated in the design, it is suggested to set the PREG attribute to 1.
Related violations: <none>

DPOP-3#2 Warning
PREG Output pipelining  
DSP tile_prci_domain/tile_clock_domain/tile/core/fpu/fmas_0/fmaMod/_mulAddResult_T__0 output tile_prci_domain/tile_clock_domain/tile/core/fpu/fmas_0/fmaMod/_mulAddResult_T__0/P[47:0] is not pipelined (PREG=0). Pipelining the DSP48 output will improve performance and often saves power so it is suggested whenever possible to fully pipeline this function.  If this DSP48 function was inferred, it is suggested to describe an additional register stage after this function.  If the DSP48 was instantiated in the design, it is suggested to set the PREG attribute to 1.
Related violations: <none>

DPOP-3#3 Warning
PREG Output pipelining  
DSP tile_prci_domain/tile_clock_domain/tile/core/mul/prod__0 output tile_prci_domain/tile_clock_domain/tile/core/mul/prod__0/P[47:0] is not pipelined (PREG=0). Pipelining the DSP48 output will improve performance and often saves power so it is suggested whenever possible to fully pipeline this function.  If this DSP48 function was inferred, it is suggested to describe an additional register stage after this function.  If the DSP48 was instantiated in the design, it is suggested to set the PREG attribute to 1.
Related violations: <none>

DPOP-3#4 Warning
PREG Output pipelining  
DSP tile_prci_domain/tile_clock_domain/tile/core/mul/prod__2 output tile_prci_domain/tile_clock_domain/tile/core/mul/prod__2/P[47:0] is not pipelined (PREG=0). Pipelining the DSP48 output will improve performance and often saves power so it is suggested whenever possible to fully pipeline this function.  If this DSP48 function was inferred, it is suggested to describe an additional register stage after this function.  If the DSP48 was instantiated in the design, it is suggested to set the PREG attribute to 1.
Related violations: <none>

DPOP-3#5 Warning
PREG Output pipelining  
DSP tile_prci_domain/tile_clock_domain/tile/core/mul/prod__3 output tile_prci_domain/tile_clock_domain/tile/core/mul/prod__3/P[47:0] is not pipelined (PREG=0). Pipelining the DSP48 output will improve performance and often saves power so it is suggested whenever possible to fully pipeline this function.  If this DSP48 function was inferred, it is suggested to describe an additional register stage after this function.  If the DSP48 was instantiated in the design, it is suggested to set the PREG attribute to 1.
Related violations: <none>

DPOP-3#6 Warning
PREG Output pipelining  
DSP tile_prci_domain/tile_clock_domain/tile/core/mul/prod__5 output tile_prci_domain/tile_clock_domain/tile/core/mul/prod__5/P[47:0] is not pipelined (PREG=0). Pipelining the DSP48 output will improve performance and often saves power so it is suggested whenever possible to fully pipeline this function.  If this DSP48 function was inferred, it is suggested to describe an additional register stage after this function.  If the DSP48 was instantiated in the design, it is suggested to set the PREG attribute to 1.
Related violations: <none>

DPOP-3#7 Warning
PREG Output pipelining  
DSP tile_prci_domain/tile_clock_domain/tile/core/mul/prod__6 output tile_prci_domain/tile_clock_domain/tile/core/mul/prod__6/P[47:0] is not pipelined (PREG=0). Pipelining the DSP48 output will improve performance and often saves power so it is suggested whenever possible to fully pipeline this function.  If this DSP48 function was inferred, it is suggested to describe an additional register stage after this function.  If the DSP48 was instantiated in the design, it is suggested to set the PREG attribute to 1.
Related violations: <none>

DPOP-3#8 Warning
PREG Output pipelining  
DSP tile_prci_domain_1/tile_clock_domain/tile/core/fpu/fmas_0/fmaMod/_mulAddResult_T output tile_prci_domain_1/tile_clock_domain/tile/core/fpu/fmas_0/fmaMod/_mulAddResult_T/P[47:0] is not pipelined (PREG=0). Pipelining the DSP48 output will improve performance and often saves power so it is suggested whenever possible to fully pipeline this function.  If this DSP48 function was inferred, it is suggested to describe an additional register stage after this function.  If the DSP48 was instantiated in the design, it is suggested to set the PREG attribute to 1.
Related violations: <none>

DPOP-3#9 Warning
PREG Output pipelining  
DSP tile_prci_domain_1/tile_clock_domain/tile/core/fpu/fmas_0/fmaMod/_mulAddResult_T__0 output tile_prci_domain_1/tile_clock_domain/tile/core/fpu/fmas_0/fmaMod/_mulAddResult_T__0/P[47:0] is not pipelined (PREG=0). Pipelining the DSP48 output will improve performance and often saves power so it is suggested whenever possible to fully pipeline this function.  If this DSP48 function was inferred, it is suggested to describe an additional register stage after this function.  If the DSP48 was instantiated in the design, it is suggested to set the PREG attribute to 1.
Related violations: <none>

DPOP-3#10 Warning
PREG Output pipelining  
DSP tile_prci_domain_1/tile_clock_domain/tile/core/mul/prod__0 output tile_prci_domain_1/tile_clock_domain/tile/core/mul/prod__0/P[47:0] is not pipelined (PREG=0). Pipelining the DSP48 output will improve performance and often saves power so it is suggested whenever possible to fully pipeline this function.  If this DSP48 function was inferred, it is suggested to describe an additional register stage after this function.  If the DSP48 was instantiated in the design, it is suggested to set the PREG attribute to 1.
Related violations: <none>

DPOP-3#11 Warning
PREG Output pipelining  
DSP tile_prci_domain_1/tile_clock_domain/tile/core/mul/prod__2 output tile_prci_domain_1/tile_clock_domain/tile/core/mul/prod__2/P[47:0] is not pipelined (PREG=0). Pipelining the DSP48 output will improve performance and often saves power so it is suggested whenever possible to fully pipeline this function.  If this DSP48 function was inferred, it is suggested to describe an additional register stage after this function.  If the DSP48 was instantiated in the design, it is suggested to set the PREG attribute to 1.
Related violations: <none>

DPOP-3#12 Warning
PREG Output pipelining  
DSP tile_prci_domain_1/tile_clock_domain/tile/core/mul/prod__3 output tile_prci_domain_1/tile_clock_domain/tile/core/mul/prod__3/P[47:0] is not pipelined (PREG=0). Pipelining the DSP48 output will improve performance and often saves power so it is suggested whenever possible to fully pipeline this function.  If this DSP48 function was inferred, it is suggested to describe an additional register stage after this function.  If the DSP48 was instantiated in the design, it is suggested to set the PREG attribute to 1.
Related violations: <none>

DPOP-3#13 Warning
PREG Output pipelining  
DSP tile_prci_domain_1/tile_clock_domain/tile/core/mul/prod__5 output tile_prci_domain_1/tile_clock_domain/tile/core/mul/prod__5/P[47:0] is not pipelined (PREG=0). Pipelining the DSP48 output will improve performance and often saves power so it is suggested whenever possible to fully pipeline this function.  If this DSP48 function was inferred, it is suggested to describe an additional register stage after this function.  If the DSP48 was instantiated in the design, it is suggested to set the PREG attribute to 1.
Related violations: <none>

DPOP-3#14 Warning
PREG Output pipelining  
DSP tile_prci_domain_1/tile_clock_domain/tile/core/mul/prod__6 output tile_prci_domain_1/tile_clock_domain/tile/core/mul/prod__6/P[47:0] is not pipelined (PREG=0). Pipelining the DSP48 output will improve performance and often saves power so it is suggested whenever possible to fully pipeline this function.  If this DSP48 function was inferred, it is suggested to describe an additional register stage after this function.  If the DSP48 was instantiated in the design, it is suggested to set the PREG attribute to 1.
Related violations: <none>

DPOP-4#1 Warning
MREG Output pipelining  
DSP tile_prci_domain/tile_clock_domain/tile/core/fpu/fmas_0/fmaMod/_mulAddResult_T multiplier stage tile_prci_domain/tile_clock_domain/tile/core/fpu/fmas_0/fmaMod/_mulAddResult_T/P[47:0] is not pipelined (MREG=0). Pipelining the multiplier function will improve performance and will save significant power so it is suggested whenever possible to fully pipeline this function.  If this multiplier was inferred, it is suggested to describe an additional register stage after this function.  If there is no registered adder/accumulator following the multiply function, two pipeline stages are suggested to allow both the MREG and PREG registers to be used.  If the DSP48 was instantiated in the design, it is suggested to set both the MREG and PREG attributes to 1 when performing multiply functions.
Related violations: <none>

DPOP-4#2 Warning
MREG Output pipelining  
DSP tile_prci_domain/tile_clock_domain/tile/core/fpu/fmas_0/fmaMod/_mulAddResult_T__0 multiplier stage tile_prci_domain/tile_clock_domain/tile/core/fpu/fmas_0/fmaMod/_mulAddResult_T__0/P[47:0] is not pipelined (MREG=0). Pipelining the multiplier function will improve performance and will save significant power so it is suggested whenever possible to fully pipeline this function.  If this multiplier was inferred, it is suggested to describe an additional register stage after this function.  If there is no registered adder/accumulator following the multiply function, two pipeline stages are suggested to allow both the MREG and PREG registers to be used.  If the DSP48 was instantiated in the design, it is suggested to set both the MREG and PREG attributes to 1 when performing multiply functions.
Related violations: <none>

DPOP-4#3 Warning
MREG Output pipelining  
DSP tile_prci_domain/tile_clock_domain/tile/core/mul/prod__0 multiplier stage tile_prci_domain/tile_clock_domain/tile/core/mul/prod__0/P[47:0] is not pipelined (MREG=0). Pipelining the multiplier function will improve performance and will save significant power so it is suggested whenever possible to fully pipeline this function.  If this multiplier was inferred, it is suggested to describe an additional register stage after this function.  If there is no registered adder/accumulator following the multiply function, two pipeline stages are suggested to allow both the MREG and PREG registers to be used.  If the DSP48 was instantiated in the design, it is suggested to set both the MREG and PREG attributes to 1 when performing multiply functions.
Related violations: <none>

DPOP-4#4 Warning
MREG Output pipelining  
DSP tile_prci_domain/tile_clock_domain/tile/core/mul/prod__2 multiplier stage tile_prci_domain/tile_clock_domain/tile/core/mul/prod__2/P[47:0] is not pipelined (MREG=0). Pipelining the multiplier function will improve performance and will save significant power so it is suggested whenever possible to fully pipeline this function.  If this multiplier was inferred, it is suggested to describe an additional register stage after this function.  If there is no registered adder/accumulator following the multiply function, two pipeline stages are suggested to allow both the MREG and PREG registers to be used.  If the DSP48 was instantiated in the design, it is suggested to set both the MREG and PREG attributes to 1 when performing multiply functions.
Related violations: <none>

DPOP-4#5 Warning
MREG Output pipelining  
DSP tile_prci_domain/tile_clock_domain/tile/core/mul/prod__3 multiplier stage tile_prci_domain/tile_clock_domain/tile/core/mul/prod__3/P[47:0] is not pipelined (MREG=0). Pipelining the multiplier function will improve performance and will save significant power so it is suggested whenever possible to fully pipeline this function.  If this multiplier was inferred, it is suggested to describe an additional register stage after this function.  If there is no registered adder/accumulator following the multiply function, two pipeline stages are suggested to allow both the MREG and PREG registers to be used.  If the DSP48 was instantiated in the design, it is suggested to set both the MREG and PREG attributes to 1 when performing multiply functions.
Related violations: <none>

DPOP-4#6 Warning
MREG Output pipelining  
DSP tile_prci_domain/tile_clock_domain/tile/core/mul/prod__5 multiplier stage tile_prci_domain/tile_clock_domain/tile/core/mul/prod__5/P[47:0] is not pipelined (MREG=0). Pipelining the multiplier function will improve performance and will save significant power so it is suggested whenever possible to fully pipeline this function.  If this multiplier was inferred, it is suggested to describe an additional register stage after this function.  If there is no registered adder/accumulator following the multiply function, two pipeline stages are suggested to allow both the MREG and PREG registers to be used.  If the DSP48 was instantiated in the design, it is suggested to set both the MREG and PREG attributes to 1 when performing multiply functions.
Related violations: <none>

DPOP-4#7 Warning
MREG Output pipelining  
DSP tile_prci_domain/tile_clock_domain/tile/core/mul/prod__6 multiplier stage tile_prci_domain/tile_clock_domain/tile/core/mul/prod__6/P[47:0] is not pipelined (MREG=0). Pipelining the multiplier function will improve performance and will save significant power so it is suggested whenever possible to fully pipeline this function.  If this multiplier was inferred, it is suggested to describe an additional register stage after this function.  If there is no registered adder/accumulator following the multiply function, two pipeline stages are suggested to allow both the MREG and PREG registers to be used.  If the DSP48 was instantiated in the design, it is suggested to set both the MREG and PREG attributes to 1 when performing multiply functions.
Related violations: <none>

DPOP-4#8 Warning
MREG Output pipelining  
DSP tile_prci_domain_1/tile_clock_domain/tile/core/fpu/fmas_0/fmaMod/_mulAddResult_T multiplier stage tile_prci_domain_1/tile_clock_domain/tile/core/fpu/fmas_0/fmaMod/_mulAddResult_T/P[47:0] is not pipelined (MREG=0). Pipelining the multiplier function will improve performance and will save significant power so it is suggested whenever possible to fully pipeline this function.  If this multiplier was inferred, it is suggested to describe an additional register stage after this function.  If there is no registered adder/accumulator following the multiply function, two pipeline stages are suggested to allow both the MREG and PREG registers to be used.  If the DSP48 was instantiated in the design, it is suggested to set both the MREG and PREG attributes to 1 when performing multiply functions.
Related violations: <none>

DPOP-4#9 Warning
MREG Output pipelining  
DSP tile_prci_domain_1/tile_clock_domain/tile/core/fpu/fmas_0/fmaMod/_mulAddResult_T__0 multiplier stage tile_prci_domain_1/tile_clock_domain/tile/core/fpu/fmas_0/fmaMod/_mulAddResult_T__0/P[47:0] is not pipelined (MREG=0). Pipelining the multiplier function will improve performance and will save significant power so it is suggested whenever possible to fully pipeline this function.  If this multiplier was inferred, it is suggested to describe an additional register stage after this function.  If there is no registered adder/accumulator following the multiply function, two pipeline stages are suggested to allow both the MREG and PREG registers to be used.  If the DSP48 was instantiated in the design, it is suggested to set both the MREG and PREG attributes to 1 when performing multiply functions.
Related violations: <none>

DPOP-4#10 Warning
MREG Output pipelining  
DSP tile_prci_domain_1/tile_clock_domain/tile/core/mul/prod__0 multiplier stage tile_prci_domain_1/tile_clock_domain/tile/core/mul/prod__0/P[47:0] is not pipelined (MREG=0). Pipelining the multiplier function will improve performance and will save significant power so it is suggested whenever possible to fully pipeline this function.  If this multiplier was inferred, it is suggested to describe an additional register stage after this function.  If there is no registered adder/accumulator following the multiply function, two pipeline stages are suggested to allow both the MREG and PREG registers to be used.  If the DSP48 was instantiated in the design, it is suggested to set both the MREG and PREG attributes to 1 when performing multiply functions.
Related violations: <none>

DPOP-4#11 Warning
MREG Output pipelining  
DSP tile_prci_domain_1/tile_clock_domain/tile/core/mul/prod__2 multiplier stage tile_prci_domain_1/tile_clock_domain/tile/core/mul/prod__2/P[47:0] is not pipelined (MREG=0). Pipelining the multiplier function will improve performance and will save significant power so it is suggested whenever possible to fully pipeline this function.  If this multiplier was inferred, it is suggested to describe an additional register stage after this function.  If there is no registered adder/accumulator following the multiply function, two pipeline stages are suggested to allow both the MREG and PREG registers to be used.  If the DSP48 was instantiated in the design, it is suggested to set both the MREG and PREG attributes to 1 when performing multiply functions.
Related violations: <none>

DPOP-4#12 Warning
MREG Output pipelining  
DSP tile_prci_domain_1/tile_clock_domain/tile/core/mul/prod__3 multiplier stage tile_prci_domain_1/tile_clock_domain/tile/core/mul/prod__3/P[47:0] is not pipelined (MREG=0). Pipelining the multiplier function will improve performance and will save significant power so it is suggested whenever possible to fully pipeline this function.  If this multiplier was inferred, it is suggested to describe an additional register stage after this function.  If there is no registered adder/accumulator following the multiply function, two pipeline stages are suggested to allow both the MREG and PREG registers to be used.  If the DSP48 was instantiated in the design, it is suggested to set both the MREG and PREG attributes to 1 when performing multiply functions.
Related violations: <none>

DPOP-4#13 Warning
MREG Output pipelining  
DSP tile_prci_domain_1/tile_clock_domain/tile/core/mul/prod__5 multiplier stage tile_prci_domain_1/tile_clock_domain/tile/core/mul/prod__5/P[47:0] is not pipelined (MREG=0). Pipelining the multiplier function will improve performance and will save significant power so it is suggested whenever possible to fully pipeline this function.  If this multiplier was inferred, it is suggested to describe an additional register stage after this function.  If there is no registered adder/accumulator following the multiply function, two pipeline stages are suggested to allow both the MREG and PREG registers to be used.  If the DSP48 was instantiated in the design, it is suggested to set both the MREG and PREG attributes to 1 when performing multiply functions.
Related violations: <none>

DPOP-4#14 Warning
MREG Output pipelining  
DSP tile_prci_domain_1/tile_clock_domain/tile/core/mul/prod__6 multiplier stage tile_prci_domain_1/tile_clock_domain/tile/core/mul/prod__6/P[47:0] is not pipelined (MREG=0). Pipelining the multiplier function will improve performance and will save significant power so it is suggested whenever possible to fully pipeline this function.  If this multiplier was inferred, it is suggested to describe an additional register stage after this function.  If there is no registered adder/accumulator following the multiply function, two pipeline stages are suggested to allow both the MREG and PREG registers to be used.  If the DSP48 was instantiated in the design, it is suggested to set both the MREG and PREG attributes to 1 when performing multiply functions.
Related violations: <none>

PLHOLDVIO-2#1 Warning
Non-Optimal connections which could lead to hold violations  
A LUT SubsystemIbus/aplicDomainWrapper/ithresholds_0_0[1]_i_2 is driving clock pin of 1177 cells. This could lead to large hold time violations. Involved cells are:
SubsystemIbus/aplicDomainWrapper/aplic/clock_enable_REG_1_reg,
SubsystemIbus/aplicDomainWrapper/aplic/clock_enable_REG_2_reg,
SubsystemIbus/aplicDomainWrapper/aplic/clock_enable_REG_3_reg,
SubsystemIbus/aplicDomainWrapper/aplic/clock_enable_REG_4_reg,
SubsystemIbus/aplicDomainWrapper/aplic/clock_enable_REG_5_reg,
SubsystemIbus/aplicDomainWrapper/aplic/clock_enable_REG_reg,
SubsystemIbus/aplicDomainWrapper/aplic/global_interrupt_enable_regs_0_reg,
SubsystemIbus/aplicDomainWrapper/aplic/hart_index_regs_0_reg,
SubsystemIbus/aplicDomainWrapper/aplic/hart_index_regs_100_reg,
SubsystemIbus/aplicDomainWrapper/aplic/hart_index_regs_101_reg,
SubsystemIbus/aplicDomainWrapper/aplic/hart_index_regs_102_reg,
SubsystemIbus/aplicDomainWrapper/aplic/hart_index_regs_103_reg,
SubsystemIbus/aplicDomainWrapper/aplic/hart_index_regs_104_reg,
SubsystemIbus/aplicDomainWrapper/aplic/hart_index_regs_105_reg,
SubsystemIbus/aplicDomainWrapper/aplic/hart_index_regs_106_reg
 (the first 15 of 1177 listed)
Related violations: <none>

PLHOLDVIO-2#2 Warning
Non-Optimal connections which could lead to hold violations  
A LUT debugDtmModule/dm/dmInner/dmInner/sbToTLOpt/gatedClock_debug_sba_clock_gate/U_EICG/Memory_reg_0_1_0_13_i_1__23 is driving clock pin of 33 cells. This could lead to large hold time violations. Involved cells are:
debugDtmModule/dm/dmInner/dmInner/sbToTLOpt/counter_reg[0],
debugDtmModule/dm/dmInner/dmInner/sbToTLOpt/counter_reg[1],
debugDtmModule/dm/dmInner/dmInner/sbToTLOpt/counter_reg[2],
debugDtmModule/dm/dmInner/dmInner/sbToTLOpt/d_q/maybe_full_reg,
debugDtmModule/dm/dmInner/dmInner/sbToTLOpt/d_q/ram_ext/Memory_reg_0_1_0_13/RAMA (in debugDtmModule/dm/dmInner/dmInner/sbToTLOpt/d_q/ram_ext/Memory_reg_0_1_0_13 macro),
debugDtmModule/dm/dmInner/dmInner/sbToTLOpt/d_q/ram_ext/Memory_reg_0_1_0_13/RAMA_D1 (in debugDtmModule/dm/dmInner/dmInner/sbToTLOpt/d_q/ram_ext/Memory_reg_0_1_0_13 macro),
debugDtmModule/dm/dmInner/dmInner/sbToTLOpt/d_q/ram_ext/Memory_reg_0_1_0_13/RAMB (in debugDtmModule/dm/dmInner/dmInner/sbToTLOpt/d_q/ram_ext/Memory_reg_0_1_0_13 macro),
debugDtmModule/dm/dmInner/dmInner/sbToTLOpt/d_q/ram_ext/Memory_reg_0_1_0_13/RAMB_D1 (in debugDtmModule/dm/dmInner/dmInner/sbToTLOpt/d_q/ram_ext/Memory_reg_0_1_0_13 macro),
debugDtmModule/dm/dmInner/dmInner/sbToTLOpt/d_q/ram_ext/Memory_reg_0_1_0_13/RAMC (in debugDtmModule/dm/dmInner/dmInner/sbToTLOpt/d_q/ram_ext/Memory_reg_0_1_0_13 macro),
debugDtmModule/dm/dmInner/dmInner/sbToTLOpt/d_q/ram_ext/Memory_reg_0_1_0_13/RAMC_D1 (in debugDtmModule/dm/dmInner/dmInner/sbToTLOpt/d_q/ram_ext/Memory_reg_0_1_0_13 macro),
debugDtmModule/dm/dmInner/dmInner/sbToTLOpt/d_q/ram_ext/Memory_reg_0_1_0_13/RAMD (in debugDtmModule/dm/dmInner/dmInner/sbToTLOpt/d_q/ram_ext/Memory_reg_0_1_0_13 macro),
debugDtmModule/dm/dmInner/dmInner/sbToTLOpt/d_q/ram_ext/Memory_reg_0_1_0_13/RAMD_D1 (in debugDtmModule/dm/dmInner/dmInner/sbToTLOpt/d_q/ram_ext/Memory_reg_0_1_0_13 macro),
debugDtmModule/dm/dmInner/dmInner/sbToTLOpt/d_q/ram_ext/Memory_reg_0_1_0_13/RAME (in debugDtmModule/dm/dmInner/dmInner/sbToTLOpt/d_q/ram_ext/Memory_reg_0_1_0_13 macro),
debugDtmModule/dm/dmInner/dmInner/sbToTLOpt/d_q/ram_ext/Memory_reg_0_1_0_13/RAME_D1 (in debugDtmModule/dm/dmInner/dmInner/sbToTLOpt/d_q/ram_ext/Memory_reg_0_1_0_13 macro),
debugDtmModule/dm/dmInner/dmInner/sbToTLOpt/d_q/ram_ext/Memory_reg_0_1_0_13/RAMF (in debugDtmModule/dm/dmInner/dmInner/sbToTLOpt/d_q/ram_ext/Memory_reg_0_1_0_13 macro)
 (the first 15 of 33 listed)
Related violations: <none>

PLHOLDVIO-2#3 Warning
Non-Optimal connections which could lead to hold violations  
A LUT gatedClockConnector/connector/clockGate/clock_connector_clock_gate_bundle_out_0_clock_clockConnector_clockGate_clock_gate/U_EICG/Memory_reg_0_15_0_13_i_1 is driving clock pin of 33 cells. This could lead to large hold time violations. Involved cells are:
SubsystemPrivateSbus/coupler_to_port_named_axi4_sys_port_0/bridge_for_axi4_sys_port_0/axi4deint/writeResponseQueue/ram_ext/Memory_reg_0_15_0_13/RAMA (in SubsystemPrivateSbus/coupler_to_port_named_axi4_sys_port_0/bridge_for_axi4_sys_port_0/axi4deint/writeResponseQueue/ram_ext/Memory_reg_0_15_0_13 macro),
SubsystemPrivateSbus/coupler_to_port_named_axi4_sys_port_0/bridge_for_axi4_sys_port_0/axi4deint/writeResponseQueue/ram_ext/Memory_reg_0_15_0_13/RAMA_D1 (in SubsystemPrivateSbus/coupler_to_port_named_axi4_sys_port_0/bridge_for_axi4_sys_port_0/axi4deint/writeResponseQueue/ram_ext/Memory_reg_0_15_0_13 macro),
SubsystemPrivateSbus/coupler_to_port_named_axi4_sys_port_0/bridge_for_axi4_sys_port_0/axi4deint/writeResponseQueue/ram_ext/Memory_reg_0_15_0_13/RAMB (in SubsystemPrivateSbus/coupler_to_port_named_axi4_sys_port_0/bridge_for_axi4_sys_port_0/axi4deint/writeResponseQueue/ram_ext/Memory_reg_0_15_0_13 macro),
SubsystemPrivateSbus/coupler_to_port_named_axi4_sys_port_0/bridge_for_axi4_sys_port_0/axi4deint/writeResponseQueue/ram_ext/Memory_reg_0_15_0_13/RAMB_D1 (in SubsystemPrivateSbus/coupler_to_port_named_axi4_sys_port_0/bridge_for_axi4_sys_port_0/axi4deint/writeResponseQueue/ram_ext/Memory_reg_0_15_0_13 macro),
SubsystemPrivateSbus/coupler_to_port_named_axi4_sys_port_0/bridge_for_axi4_sys_port_0/axi4deint/writeResponseQueue/ram_ext/Memory_reg_0_15_0_13/RAMC (in SubsystemPrivateSbus/coupler_to_port_named_axi4_sys_port_0/bridge_for_axi4_sys_port_0/axi4deint/writeResponseQueue/ram_ext/Memory_reg_0_15_0_13 macro),
SubsystemPrivateSbus/coupler_to_port_named_axi4_sys_port_0/bridge_for_axi4_sys_port_0/axi4deint/writeResponseQueue/ram_ext/Memory_reg_0_15_0_13/RAMC_D1 (in SubsystemPrivateSbus/coupler_to_port_named_axi4_sys_port_0/bridge_for_axi4_sys_port_0/axi4deint/writeResponseQueue/ram_ext/Memory_reg_0_15_0_13 macro),
SubsystemPrivateSbus/coupler_to_port_named_axi4_sys_port_0/bridge_for_axi4_sys_port_0/axi4deint/writeResponseQueue/ram_ext/Memory_reg_0_15_0_13/RAMD (in SubsystemPrivateSbus/coupler_to_port_named_axi4_sys_port_0/bridge_for_axi4_sys_port_0/axi4deint/writeResponseQueue/ram_ext/Memory_reg_0_15_0_13 macro),
SubsystemPrivateSbus/coupler_to_port_named_axi4_sys_port_0/bridge_for_axi4_sys_port_0/axi4deint/writeResponseQueue/ram_ext/Memory_reg_0_15_0_13/RAMD_D1 (in SubsystemPrivateSbus/coupler_to_port_named_axi4_sys_port_0/bridge_for_axi4_sys_port_0/axi4deint/writeResponseQueue/ram_ext/Memory_reg_0_15_0_13 macro),
SubsystemPrivateSbus/coupler_to_port_named_axi4_sys_port_0/bridge_for_axi4_sys_port_0/axi4deint/writeResponseQueue/ram_ext/Memory_reg_0_15_0_13/RAME (in SubsystemPrivateSbus/coupler_to_port_named_axi4_sys_port_0/bridge_for_axi4_sys_port_0/axi4deint/writeResponseQueue/ram_ext/Memory_reg_0_15_0_13 macro),
SubsystemPrivateSbus/coupler_to_port_named_axi4_sys_port_0/bridge_for_axi4_sys_port_0/axi4deint/writeResponseQueue/ram_ext/Memory_reg_0_15_0_13/RAME_D1 (in SubsystemPrivateSbus/coupler_to_port_named_axi4_sys_port_0/bridge_for_axi4_sys_port_0/axi4deint/writeResponseQueue/ram_ext/Memory_reg_0_15_0_13 macro),
SubsystemPrivateSbus/coupler_to_port_named_axi4_sys_port_0/bridge_for_axi4_sys_port_0/axi4deint/writeResponseQueue/ram_ext/Memory_reg_0_15_0_13/RAMF (in SubsystemPrivateSbus/coupler_to_port_named_axi4_sys_port_0/bridge_for_axi4_sys_port_0/axi4deint/writeResponseQueue/ram_ext/Memory_reg_0_15_0_13 macro),
SubsystemPrivateSbus/coupler_to_port_named_axi4_sys_port_0/bridge_for_axi4_sys_port_0/axi4deint/writeResponseQueue/ram_ext/Memory_reg_0_15_0_13/RAMF_D1 (in SubsystemPrivateSbus/coupler_to_port_named_axi4_sys_port_0/bridge_for_axi4_sys_port_0/axi4deint/writeResponseQueue/ram_ext/Memory_reg_0_15_0_13 macro),
SubsystemPrivateSbus/coupler_to_port_named_axi4_sys_port_0/bridge_for_axi4_sys_port_0/axi4deint/writeResponseQueue/ram_ext/Memory_reg_0_15_0_13/RAMG (in SubsystemPrivateSbus/coupler_to_port_named_axi4_sys_port_0/bridge_for_axi4_sys_port_0/axi4deint/writeResponseQueue/ram_ext/Memory_reg_0_15_0_13 macro),
SubsystemPrivateSbus/coupler_to_port_named_axi4_sys_port_0/bridge_for_axi4_sys_port_0/axi4deint/writeResponseQueue/ram_ext/Memory_reg_0_15_0_13/RAMG_D1 (in SubsystemPrivateSbus/coupler_to_port_named_axi4_sys_port_0/bridge_for_axi4_sys_port_0/axi4deint/writeResponseQueue/ram_ext/Memory_reg_0_15_0_13 macro),
SubsystemPrivateSbus/coupler_to_port_named_axi4_sys_port_0/bridge_for_axi4_sys_port_0/axi4deint/writeResponseQueue/ram_ext/Memory_reg_0_15_0_13/RAMH (in SubsystemPrivateSbus/coupler_to_port_named_axi4_sys_port_0/bridge_for_axi4_sys_port_0/axi4deint/writeResponseQueue/ram_ext/Memory_reg_0_15_0_13 macro)
 (the first 15 of 33 listed)
Related violations: <none>

PLHOLDVIO-2#4 Warning
Non-Optimal connections which could lead to hold violations  
A LUT gatedClockConnector/connector/clockGate/clock_connector_clock_gate_bundle_out_0_clock_clockConnector_clockGate_clock_gate/U_EICG/REG_0_i_1__0 is driving clock pin of 13813 cells. This could lead to large hold time violations. Involved cells are:
SbusJunction/coupler_from_debug_sb/buffer/buffer_a_q/maybe_full_reg,
SbusJunction/coupler_from_debug_sb/buffer/buffer_a_q/wrap_1_reg,
SbusJunction/coupler_from_debug_sb/buffer/buffer_a_q/wrap_reg,
SbusJunction/coupler_from_debug_sb/buffer/bundle_in_0_d_q/maybe_full_reg,
SbusJunction/coupler_from_debug_sb/buffer/bundle_in_0_d_q/wrap_1_reg,
SbusJunction/coupler_from_debug_sb/buffer/bundle_in_0_d_q/wrap_reg,
SbusJunction/coupler_from_debug_sb/widthWidget/corrupt_reg_reg_reg,
SbusJunction/coupler_from_debug_sb/widthWidget/count_reg_reg[0],
SbusJunction/coupler_from_debug_sb/widthWidget/count_reg_reg[1],
SbusJunction/coupler_from_debug_sb/widthWidget/count_reg_reg[2],
SbusJunction/coupler_from_debug_sb/widthWidget/repeat_count_reg_reg[0],
SbusJunction/coupler_from_debug_sb/widthWidget/repeat_count_reg_reg[1],
SbusJunction/coupler_from_debug_sb/widthWidget/repeat_count_reg_reg[2],
SbusJunction/coupler_from_debug_sb/widthWidget/repeat_sel_hold_r_io_reg_reg[0],
SbusJunction/coupler_from_debug_sb/widthWidget/repeat_sel_hold_r_io_reg_reg[1]
 (the first 15 of 13813 listed)
Related violations: <none>

PLHOLDVIO-2#5 Warning
Non-Optimal connections which could lead to hold violations  
A LUT gatedClockConnector/connector/clockGate/clock_connector_clock_gate_bundle_out_0_clock_clockConnector_clockGate_clock_gate/U_EICG/deq_ptr_value[1]_i_3__6 is driving clock pin of 84 cells. This could lead to large hold time violations. Involved cells are:
_SubsystemFbus_coupler_from_port_named_axi4_front_port_0/bridge_for_axi4_front_port_0/axi4yank/rqueues_q_0/redundant_outputs_ctrl/deq_ptr_value_reg[0],
_SubsystemFbus_coupler_from_port_named_axi4_front_port_0/bridge_for_axi4_front_port_0/axi4yank/rqueues_q_0/redundant_outputs_ctrl/deq_ptr_value_reg[1],
_SubsystemFbus_coupler_from_port_named_axi4_front_port_0/bridge_for_axi4_front_port_0/axi4yank/rqueues_q_0/redundant_outputs_ctrl/enq_ptr_value_reg[0],
_SubsystemFbus_coupler_from_port_named_axi4_front_port_0/bridge_for_axi4_front_port_0/axi4yank/rqueues_q_0/redundant_outputs_ctrl/enq_ptr_value_reg[1],
_SubsystemFbus_coupler_from_port_named_axi4_front_port_0/bridge_for_axi4_front_port_0/axi4yank/rqueues_q_0/redundant_outputs_ctrl/maybe_full_reg,
_SubsystemFbus_coupler_from_port_named_axi4_front_port_0/bridge_for_axi4_front_port_0/axi4yank/rqueues_q_1/redundant_outputs_ctrl/deq_ptr_value_reg[0],
_SubsystemFbus_coupler_from_port_named_axi4_front_port_0/bridge_for_axi4_front_port_0/axi4yank/rqueues_q_1/redundant_outputs_ctrl/deq_ptr_value_reg[1],
_SubsystemFbus_coupler_from_port_named_axi4_front_port_0/bridge_for_axi4_front_port_0/axi4yank/rqueues_q_1/redundant_outputs_ctrl/enq_ptr_value_reg[0],
_SubsystemFbus_coupler_from_port_named_axi4_front_port_0/bridge_for_axi4_front_port_0/axi4yank/rqueues_q_1/redundant_outputs_ctrl/enq_ptr_value_reg[1],
_SubsystemFbus_coupler_from_port_named_axi4_front_port_0/bridge_for_axi4_front_port_0/axi4yank/rqueues_q_1/redundant_outputs_ctrl/maybe_full_reg,
_SubsystemFbus_coupler_from_port_named_axi4_front_port_0/bridge_for_axi4_front_port_0/axi4yank/rqueues_q_2/redundant_outputs_ctrl/deq_ptr_value_reg[0],
_SubsystemFbus_coupler_from_port_named_axi4_front_port_0/bridge_for_axi4_front_port_0/axi4yank/rqueues_q_2/redundant_outputs_ctrl/deq_ptr_value_reg[1],
_SubsystemFbus_coupler_from_port_named_axi4_front_port_0/bridge_for_axi4_front_port_0/axi4yank/rqueues_q_2/redundant_outputs_ctrl/enq_ptr_value_reg[0],
_SubsystemFbus_coupler_from_port_named_axi4_front_port_0/bridge_for_axi4_front_port_0/axi4yank/rqueues_q_2/redundant_outputs_ctrl/enq_ptr_value_reg[1],
_SubsystemFbus_coupler_from_port_named_axi4_front_port_0/bridge_for_axi4_front_port_0/axi4yank/rqueues_q_2/redundant_outputs_ctrl/maybe_full_reg
 (the first 15 of 84 listed)
Related violations: <none>

PLHOLDVIO-2#6 Warning
Non-Optimal connections which could lead to hold violations  
A LUT gatedClockConnector/connector/clockGate/clock_connector_clock_gate_bundle_out_0_clock_clockConnector_clockGate_clock_gate/U_EICG/deq_ptr_value[1]_i_3__7 is driving clock pin of 84 cells. This could lead to large hold time violations. Involved cells are:
_SubsystemFbus_coupler_from_port_named_axi4_front_port_0/bridge_for_axi4_front_port_0/axi4yank/wqueues_q_0/redundant_outputs_ctrl/deq_ptr_value_reg[0],
_SubsystemFbus_coupler_from_port_named_axi4_front_port_0/bridge_for_axi4_front_port_0/axi4yank/wqueues_q_0/redundant_outputs_ctrl/deq_ptr_value_reg[1],
_SubsystemFbus_coupler_from_port_named_axi4_front_port_0/bridge_for_axi4_front_port_0/axi4yank/wqueues_q_0/redundant_outputs_ctrl/enq_ptr_value_reg[0],
_SubsystemFbus_coupler_from_port_named_axi4_front_port_0/bridge_for_axi4_front_port_0/axi4yank/wqueues_q_0/redundant_outputs_ctrl/enq_ptr_value_reg[1],
_SubsystemFbus_coupler_from_port_named_axi4_front_port_0/bridge_for_axi4_front_port_0/axi4yank/wqueues_q_0/redundant_outputs_ctrl/maybe_full_reg,
_SubsystemFbus_coupler_from_port_named_axi4_front_port_0/bridge_for_axi4_front_port_0/axi4yank/wqueues_q_1/redundant_outputs_ctrl/deq_ptr_value_reg[0],
_SubsystemFbus_coupler_from_port_named_axi4_front_port_0/bridge_for_axi4_front_port_0/axi4yank/wqueues_q_1/redundant_outputs_ctrl/deq_ptr_value_reg[1],
_SubsystemFbus_coupler_from_port_named_axi4_front_port_0/bridge_for_axi4_front_port_0/axi4yank/wqueues_q_1/redundant_outputs_ctrl/enq_ptr_value_reg[0],
_SubsystemFbus_coupler_from_port_named_axi4_front_port_0/bridge_for_axi4_front_port_0/axi4yank/wqueues_q_1/redundant_outputs_ctrl/enq_ptr_value_reg[1],
_SubsystemFbus_coupler_from_port_named_axi4_front_port_0/bridge_for_axi4_front_port_0/axi4yank/wqueues_q_1/redundant_outputs_ctrl/maybe_full_reg,
_SubsystemFbus_coupler_from_port_named_axi4_front_port_0/bridge_for_axi4_front_port_0/axi4yank/wqueues_q_2/redundant_outputs_ctrl/deq_ptr_value_reg[0],
_SubsystemFbus_coupler_from_port_named_axi4_front_port_0/bridge_for_axi4_front_port_0/axi4yank/wqueues_q_2/redundant_outputs_ctrl/deq_ptr_value_reg[1],
_SubsystemFbus_coupler_from_port_named_axi4_front_port_0/bridge_for_axi4_front_port_0/axi4yank/wqueues_q_2/redundant_outputs_ctrl/enq_ptr_value_reg[0],
_SubsystemFbus_coupler_from_port_named_axi4_front_port_0/bridge_for_axi4_front_port_0/axi4yank/wqueues_q_2/redundant_outputs_ctrl/enq_ptr_value_reg[1],
_SubsystemFbus_coupler_from_port_named_axi4_front_port_0/bridge_for_axi4_front_port_0/axi4yank/wqueues_q_2/redundant_outputs_ctrl/maybe_full_reg
 (the first 15 of 84 listed)
Related violations: <none>

PLHOLDVIO-2#7 Warning
Non-Optimal connections which could lead to hold violations  
A LUT gatedClockConnector/connector/clockGate/clock_connector_clock_gate_bundle_out_0_clock_clockConnector_clockGate_clock_gate/U_EICG/deq_ptr_value[1]_i_3__8 is driving clock pin of 21 cells. This could lead to large hold time violations. Involved cells are:
SubsystemMbus/coupler_to_port_named_axi4_mem_port_0/bridge_for_axi4_mem_port_0/axi4deint/writeResponseQueue/redundant_outputs_ctrl/deq_ptr_value_reg[0],
SubsystemMbus/coupler_to_port_named_axi4_mem_port_0/bridge_for_axi4_mem_port_0/axi4deint/writeResponseQueue/redundant_outputs_ctrl/deq_ptr_value_reg[1],
SubsystemMbus/coupler_to_port_named_axi4_mem_port_0/bridge_for_axi4_mem_port_0/axi4deint/writeResponseQueue/redundant_outputs_ctrl/enq_ptr_value_reg[0],
SubsystemMbus/coupler_to_port_named_axi4_mem_port_0/bridge_for_axi4_mem_port_0/axi4deint/writeResponseQueue/redundant_outputs_ctrl/enq_ptr_value_reg[1],
SubsystemMbus/coupler_to_port_named_axi4_mem_port_0/bridge_for_axi4_mem_port_0/axi4deint/writeResponseQueue/redundant_outputs_ctrl/maybe_full_reg,
coupler_to_port_named_axi4_mem_port_0/bridge_for_axi4_mem_port_0/axi4deint/writeResponseQueue/ram_ext/Memory_reg_0_3_14_15/RAMA (in coupler_to_port_named_axi4_mem_port_0/bridge_for_axi4_mem_port_0/axi4deint/writeResponseQueue/ram_ext/Memory_reg_0_3_14_15 macro),
coupler_to_port_named_axi4_mem_port_0/bridge_for_axi4_mem_port_0/axi4deint/writeResponseQueue/ram_ext/Memory_reg_0_3_14_15/RAMA_D1 (in coupler_to_port_named_axi4_mem_port_0/bridge_for_axi4_mem_port_0/axi4deint/writeResponseQueue/ram_ext/Memory_reg_0_3_14_15 macro),
coupler_to_port_named_axi4_mem_port_0/bridge_for_axi4_mem_port_0/axi4deint/writeResponseQueue/ram_ext/Memory_reg_0_3_14_15/RAMB (in coupler_to_port_named_axi4_mem_port_0/bridge_for_axi4_mem_port_0/axi4deint/writeResponseQueue/ram_ext/Memory_reg_0_3_14_15 macro),
coupler_to_port_named_axi4_mem_port_0/bridge_for_axi4_mem_port_0/axi4deint/writeResponseQueue/ram_ext/Memory_reg_0_3_14_15/RAMB_D1 (in coupler_to_port_named_axi4_mem_port_0/bridge_for_axi4_mem_port_0/axi4deint/writeResponseQueue/ram_ext/Memory_reg_0_3_14_15 macro),
coupler_to_port_named_axi4_mem_port_0/bridge_for_axi4_mem_port_0/axi4deint/writeResponseQueue/ram_ext/Memory_reg_0_3_14_15/RAMC (in coupler_to_port_named_axi4_mem_port_0/bridge_for_axi4_mem_port_0/axi4deint/writeResponseQueue/ram_ext/Memory_reg_0_3_14_15 macro),
coupler_to_port_named_axi4_mem_port_0/bridge_for_axi4_mem_port_0/axi4deint/writeResponseQueue/ram_ext/Memory_reg_0_3_14_15/RAMC_D1 (in coupler_to_port_named_axi4_mem_port_0/bridge_for_axi4_mem_port_0/axi4deint/writeResponseQueue/ram_ext/Memory_reg_0_3_14_15 macro),
coupler_to_port_named_axi4_mem_port_0/bridge_for_axi4_mem_port_0/axi4deint/writeResponseQueue/ram_ext/Memory_reg_0_3_14_15/RAMD (in coupler_to_port_named_axi4_mem_port_0/bridge_for_axi4_mem_port_0/axi4deint/writeResponseQueue/ram_ext/Memory_reg_0_3_14_15 macro),
coupler_to_port_named_axi4_mem_port_0/bridge_for_axi4_mem_port_0/axi4deint/writeResponseQueue/ram_ext/Memory_reg_0_3_14_15/RAMD_D1 (in coupler_to_port_named_axi4_mem_port_0/bridge_for_axi4_mem_port_0/axi4deint/writeResponseQueue/ram_ext/Memory_reg_0_3_14_15 macro),
coupler_to_port_named_axi4_mem_port_0/bridge_for_axi4_mem_port_0/axi4deint/writeResponseQueue/ram_ext/Memory_reg_0_3_14_15/RAME (in coupler_to_port_named_axi4_mem_port_0/bridge_for_axi4_mem_port_0/axi4deint/writeResponseQueue/ram_ext/Memory_reg_0_3_14_15 macro),
coupler_to_port_named_axi4_mem_port_0/bridge_for_axi4_mem_port_0/axi4deint/writeResponseQueue/ram_ext/Memory_reg_0_3_14_15/RAME_D1 (in coupler_to_port_named_axi4_mem_port_0/bridge_for_axi4_mem_port_0/axi4deint/writeResponseQueue/ram_ext/Memory_reg_0_3_14_15 macro)
 (the first 15 of 21 listed)
Related violations: <none>

PLHOLDVIO-2#8 Warning
Non-Optimal connections which could lead to hold violations  
A LUT gatedClockConnector/connector/clockGate/clock_connector_clock_gate_bundle_out_0_clock_clockConnector_clockGate_clock_gate/U_EICG/deq_ptr_value[2]_i_3__5 is driving clock pin of 23 cells. This could lead to large hold time violations. Involved cells are:
SubsystemPrivatePbus/coupler_to_port_named_axi4_periph_port_0/bridge_for_axi4_periph_port_0/axi4yank/rqueues_q_0/ram_ext/Memory_reg_0_7_14_15/RAMA (in SubsystemPrivatePbus/coupler_to_port_named_axi4_periph_port_0/bridge_for_axi4_periph_port_0/axi4yank/rqueues_q_0/ram_ext/Memory_reg_0_7_14_15 macro),
SubsystemPrivatePbus/coupler_to_port_named_axi4_periph_port_0/bridge_for_axi4_periph_port_0/axi4yank/rqueues_q_0/ram_ext/Memory_reg_0_7_14_15/RAMA_D1 (in SubsystemPrivatePbus/coupler_to_port_named_axi4_periph_port_0/bridge_for_axi4_periph_port_0/axi4yank/rqueues_q_0/ram_ext/Memory_reg_0_7_14_15 macro),
SubsystemPrivatePbus/coupler_to_port_named_axi4_periph_port_0/bridge_for_axi4_periph_port_0/axi4yank/rqueues_q_0/ram_ext/Memory_reg_0_7_14_15/RAMB (in SubsystemPrivatePbus/coupler_to_port_named_axi4_periph_port_0/bridge_for_axi4_periph_port_0/axi4yank/rqueues_q_0/ram_ext/Memory_reg_0_7_14_15 macro),
SubsystemPrivatePbus/coupler_to_port_named_axi4_periph_port_0/bridge_for_axi4_periph_port_0/axi4yank/rqueues_q_0/ram_ext/Memory_reg_0_7_14_15/RAMB_D1 (in SubsystemPrivatePbus/coupler_to_port_named_axi4_periph_port_0/bridge_for_axi4_periph_port_0/axi4yank/rqueues_q_0/ram_ext/Memory_reg_0_7_14_15 macro),
SubsystemPrivatePbus/coupler_to_port_named_axi4_periph_port_0/bridge_for_axi4_periph_port_0/axi4yank/rqueues_q_0/ram_ext/Memory_reg_0_7_14_15/RAMC (in SubsystemPrivatePbus/coupler_to_port_named_axi4_periph_port_0/bridge_for_axi4_periph_port_0/axi4yank/rqueues_q_0/ram_ext/Memory_reg_0_7_14_15 macro),
SubsystemPrivatePbus/coupler_to_port_named_axi4_periph_port_0/bridge_for_axi4_periph_port_0/axi4yank/rqueues_q_0/ram_ext/Memory_reg_0_7_14_15/RAMC_D1 (in SubsystemPrivatePbus/coupler_to_port_named_axi4_periph_port_0/bridge_for_axi4_periph_port_0/axi4yank/rqueues_q_0/ram_ext/Memory_reg_0_7_14_15 macro),
SubsystemPrivatePbus/coupler_to_port_named_axi4_periph_port_0/bridge_for_axi4_periph_port_0/axi4yank/rqueues_q_0/ram_ext/Memory_reg_0_7_14_15/RAMD (in SubsystemPrivatePbus/coupler_to_port_named_axi4_periph_port_0/bridge_for_axi4_periph_port_0/axi4yank/rqueues_q_0/ram_ext/Memory_reg_0_7_14_15 macro),
SubsystemPrivatePbus/coupler_to_port_named_axi4_periph_port_0/bridge_for_axi4_periph_port_0/axi4yank/rqueues_q_0/ram_ext/Memory_reg_0_7_14_15/RAMD_D1 (in SubsystemPrivatePbus/coupler_to_port_named_axi4_periph_port_0/bridge_for_axi4_periph_port_0/axi4yank/rqueues_q_0/ram_ext/Memory_reg_0_7_14_15 macro),
SubsystemPrivatePbus/coupler_to_port_named_axi4_periph_port_0/bridge_for_axi4_periph_port_0/axi4yank/rqueues_q_0/ram_ext/Memory_reg_0_7_14_15/RAME (in SubsystemPrivatePbus/coupler_to_port_named_axi4_periph_port_0/bridge_for_axi4_periph_port_0/axi4yank/rqueues_q_0/ram_ext/Memory_reg_0_7_14_15 macro),
SubsystemPrivatePbus/coupler_to_port_named_axi4_periph_port_0/bridge_for_axi4_periph_port_0/axi4yank/rqueues_q_0/ram_ext/Memory_reg_0_7_14_15/RAME_D1 (in SubsystemPrivatePbus/coupler_to_port_named_axi4_periph_port_0/bridge_for_axi4_periph_port_0/axi4yank/rqueues_q_0/ram_ext/Memory_reg_0_7_14_15 macro),
SubsystemPrivatePbus/coupler_to_port_named_axi4_periph_port_0/bridge_for_axi4_periph_port_0/axi4yank/rqueues_q_0/ram_ext/Memory_reg_0_7_14_15/RAMF (in SubsystemPrivatePbus/coupler_to_port_named_axi4_periph_port_0/bridge_for_axi4_periph_port_0/axi4yank/rqueues_q_0/ram_ext/Memory_reg_0_7_14_15 macro),
SubsystemPrivatePbus/coupler_to_port_named_axi4_periph_port_0/bridge_for_axi4_periph_port_0/axi4yank/rqueues_q_0/ram_ext/Memory_reg_0_7_14_15/RAMF_D1 (in SubsystemPrivatePbus/coupler_to_port_named_axi4_periph_port_0/bridge_for_axi4_periph_port_0/axi4yank/rqueues_q_0/ram_ext/Memory_reg_0_7_14_15 macro),
SubsystemPrivatePbus/coupler_to_port_named_axi4_periph_port_0/bridge_for_axi4_periph_port_0/axi4yank/rqueues_q_0/ram_ext/Memory_reg_0_7_14_15/RAMG (in SubsystemPrivatePbus/coupler_to_port_named_axi4_periph_port_0/bridge_for_axi4_periph_port_0/axi4yank/rqueues_q_0/ram_ext/Memory_reg_0_7_14_15 macro),
SubsystemPrivatePbus/coupler_to_port_named_axi4_periph_port_0/bridge_for_axi4_periph_port_0/axi4yank/rqueues_q_0/ram_ext/Memory_reg_0_7_14_15/RAMG_D1 (in SubsystemPrivatePbus/coupler_to_port_named_axi4_periph_port_0/bridge_for_axi4_periph_port_0/axi4yank/rqueues_q_0/ram_ext/Memory_reg_0_7_14_15 macro),
SubsystemPrivatePbus/coupler_to_port_named_axi4_periph_port_0/bridge_for_axi4_periph_port_0/axi4yank/rqueues_q_0/ram_ext/Memory_reg_0_7_14_15/RAMH (in SubsystemPrivatePbus/coupler_to_port_named_axi4_periph_port_0/bridge_for_axi4_periph_port_0/axi4yank/rqueues_q_0/ram_ext/Memory_reg_0_7_14_15 macro)
 (the first 15 of 23 listed)
Related violations: <none>

PLHOLDVIO-2#9 Warning
Non-Optimal connections which could lead to hold violations  
A LUT gatedClockConnector/connector/clockGate/clock_connector_clock_gate_bundle_out_0_clock_clockConnector_clockGate_clock_gate/U_EICG/deq_ptr_value[2]_i_3__6 is driving clock pin of 23 cells. This could lead to large hold time violations. Involved cells are:
SubsystemPrivatePbus/coupler_to_port_named_axi4_periph_port_0/bridge_for_axi4_periph_port_0/axi4yank/wqueues_q_0/ram_ext/Memory_reg_0_7_14_15/RAMA (in SubsystemPrivatePbus/coupler_to_port_named_axi4_periph_port_0/bridge_for_axi4_periph_port_0/axi4yank/wqueues_q_0/ram_ext/Memory_reg_0_7_14_15 macro),
SubsystemPrivatePbus/coupler_to_port_named_axi4_periph_port_0/bridge_for_axi4_periph_port_0/axi4yank/wqueues_q_0/ram_ext/Memory_reg_0_7_14_15/RAMA_D1 (in SubsystemPrivatePbus/coupler_to_port_named_axi4_periph_port_0/bridge_for_axi4_periph_port_0/axi4yank/wqueues_q_0/ram_ext/Memory_reg_0_7_14_15 macro),
SubsystemPrivatePbus/coupler_to_port_named_axi4_periph_port_0/bridge_for_axi4_periph_port_0/axi4yank/wqueues_q_0/ram_ext/Memory_reg_0_7_14_15/RAMB (in SubsystemPrivatePbus/coupler_to_port_named_axi4_periph_port_0/bridge_for_axi4_periph_port_0/axi4yank/wqueues_q_0/ram_ext/Memory_reg_0_7_14_15 macro),
SubsystemPrivatePbus/coupler_to_port_named_axi4_periph_port_0/bridge_for_axi4_periph_port_0/axi4yank/wqueues_q_0/ram_ext/Memory_reg_0_7_14_15/RAMB_D1 (in SubsystemPrivatePbus/coupler_to_port_named_axi4_periph_port_0/bridge_for_axi4_periph_port_0/axi4yank/wqueues_q_0/ram_ext/Memory_reg_0_7_14_15 macro),
SubsystemPrivatePbus/coupler_to_port_named_axi4_periph_port_0/bridge_for_axi4_periph_port_0/axi4yank/wqueues_q_0/ram_ext/Memory_reg_0_7_14_15/RAMC (in SubsystemPrivatePbus/coupler_to_port_named_axi4_periph_port_0/bridge_for_axi4_periph_port_0/axi4yank/wqueues_q_0/ram_ext/Memory_reg_0_7_14_15 macro),
SubsystemPrivatePbus/coupler_to_port_named_axi4_periph_port_0/bridge_for_axi4_periph_port_0/axi4yank/wqueues_q_0/ram_ext/Memory_reg_0_7_14_15/RAMC_D1 (in SubsystemPrivatePbus/coupler_to_port_named_axi4_periph_port_0/bridge_for_axi4_periph_port_0/axi4yank/wqueues_q_0/ram_ext/Memory_reg_0_7_14_15 macro),
SubsystemPrivatePbus/coupler_to_port_named_axi4_periph_port_0/bridge_for_axi4_periph_port_0/axi4yank/wqueues_q_0/ram_ext/Memory_reg_0_7_14_15/RAMD (in SubsystemPrivatePbus/coupler_to_port_named_axi4_periph_port_0/bridge_for_axi4_periph_port_0/axi4yank/wqueues_q_0/ram_ext/Memory_reg_0_7_14_15 macro),
SubsystemPrivatePbus/coupler_to_port_named_axi4_periph_port_0/bridge_for_axi4_periph_port_0/axi4yank/wqueues_q_0/ram_ext/Memory_reg_0_7_14_15/RAMD_D1 (in SubsystemPrivatePbus/coupler_to_port_named_axi4_periph_port_0/bridge_for_axi4_periph_port_0/axi4yank/wqueues_q_0/ram_ext/Memory_reg_0_7_14_15 macro),
SubsystemPrivatePbus/coupler_to_port_named_axi4_periph_port_0/bridge_for_axi4_periph_port_0/axi4yank/wqueues_q_0/ram_ext/Memory_reg_0_7_14_15/RAME (in SubsystemPrivatePbus/coupler_to_port_named_axi4_periph_port_0/bridge_for_axi4_periph_port_0/axi4yank/wqueues_q_0/ram_ext/Memory_reg_0_7_14_15 macro),
SubsystemPrivatePbus/coupler_to_port_named_axi4_periph_port_0/bridge_for_axi4_periph_port_0/axi4yank/wqueues_q_0/ram_ext/Memory_reg_0_7_14_15/RAME_D1 (in SubsystemPrivatePbus/coupler_to_port_named_axi4_periph_port_0/bridge_for_axi4_periph_port_0/axi4yank/wqueues_q_0/ram_ext/Memory_reg_0_7_14_15 macro),
SubsystemPrivatePbus/coupler_to_port_named_axi4_periph_port_0/bridge_for_axi4_periph_port_0/axi4yank/wqueues_q_0/ram_ext/Memory_reg_0_7_14_15/RAMF (in SubsystemPrivatePbus/coupler_to_port_named_axi4_periph_port_0/bridge_for_axi4_periph_port_0/axi4yank/wqueues_q_0/ram_ext/Memory_reg_0_7_14_15 macro),
SubsystemPrivatePbus/coupler_to_port_named_axi4_periph_port_0/bridge_for_axi4_periph_port_0/axi4yank/wqueues_q_0/ram_ext/Memory_reg_0_7_14_15/RAMF_D1 (in SubsystemPrivatePbus/coupler_to_port_named_axi4_periph_port_0/bridge_for_axi4_periph_port_0/axi4yank/wqueues_q_0/ram_ext/Memory_reg_0_7_14_15 macro),
SubsystemPrivatePbus/coupler_to_port_named_axi4_periph_port_0/bridge_for_axi4_periph_port_0/axi4yank/wqueues_q_0/ram_ext/Memory_reg_0_7_14_15/RAMG (in SubsystemPrivatePbus/coupler_to_port_named_axi4_periph_port_0/bridge_for_axi4_periph_port_0/axi4yank/wqueues_q_0/ram_ext/Memory_reg_0_7_14_15 macro),
SubsystemPrivatePbus/coupler_to_port_named_axi4_periph_port_0/bridge_for_axi4_periph_port_0/axi4yank/wqueues_q_0/ram_ext/Memory_reg_0_7_14_15/RAMG_D1 (in SubsystemPrivatePbus/coupler_to_port_named_axi4_periph_port_0/bridge_for_axi4_periph_port_0/axi4yank/wqueues_q_0/ram_ext/Memory_reg_0_7_14_15 macro),
SubsystemPrivatePbus/coupler_to_port_named_axi4_periph_port_0/bridge_for_axi4_periph_port_0/axi4yank/wqueues_q_0/ram_ext/Memory_reg_0_7_14_15/RAMH (in SubsystemPrivatePbus/coupler_to_port_named_axi4_periph_port_0/bridge_for_axi4_periph_port_0/axi4yank/wqueues_q_0/ram_ext/Memory_reg_0_7_14_15 macro)
 (the first 15 of 23 listed)
Related violations: <none>

PLHOLDVIO-2#10 Warning
Non-Optimal connections which could lead to hold violations  
A LUT gatedClockConnector/connector/clockGate/clock_connector_clock_gate_bundle_out_0_clock_clockConnector_clockGate_clock_gate/U_EICG/enq_ptr_value[2]_i_3__2 is driving clock pin of 88 cells. This could lead to large hold time violations. Involved cells are:
SubsystemPrivateSbus/coupler_to_port_named_axi4_sys_port_0/bridge_for_axi4_sys_port_0/axi4yank/rqueues_q_0/ram_reg[0],
SubsystemPrivateSbus/coupler_to_port_named_axi4_sys_port_0/bridge_for_axi4_sys_port_0/axi4yank/rqueues_q_0/ram_reg[10],
SubsystemPrivateSbus/coupler_to_port_named_axi4_sys_port_0/bridge_for_axi4_sys_port_0/axi4yank/rqueues_q_0/ram_reg[11],
SubsystemPrivateSbus/coupler_to_port_named_axi4_sys_port_0/bridge_for_axi4_sys_port_0/axi4yank/rqueues_q_0/ram_reg[12],
SubsystemPrivateSbus/coupler_to_port_named_axi4_sys_port_0/bridge_for_axi4_sys_port_0/axi4yank/rqueues_q_0/ram_reg[13],
SubsystemPrivateSbus/coupler_to_port_named_axi4_sys_port_0/bridge_for_axi4_sys_port_0/axi4yank/rqueues_q_0/ram_reg[1],
SubsystemPrivateSbus/coupler_to_port_named_axi4_sys_port_0/bridge_for_axi4_sys_port_0/axi4yank/rqueues_q_0/ram_reg[2],
SubsystemPrivateSbus/coupler_to_port_named_axi4_sys_port_0/bridge_for_axi4_sys_port_0/axi4yank/rqueues_q_0/ram_reg[3],
SubsystemPrivateSbus/coupler_to_port_named_axi4_sys_port_0/bridge_for_axi4_sys_port_0/axi4yank/rqueues_q_0/ram_reg[4],
SubsystemPrivateSbus/coupler_to_port_named_axi4_sys_port_0/bridge_for_axi4_sys_port_0/axi4yank/rqueues_q_0/ram_reg[5],
SubsystemPrivateSbus/coupler_to_port_named_axi4_sys_port_0/bridge_for_axi4_sys_port_0/axi4yank/rqueues_q_0/ram_reg[7],
SubsystemPrivateSbus/coupler_to_port_named_axi4_sys_port_0/bridge_for_axi4_sys_port_0/axi4yank/rqueues_q_0/ram_reg[8],
SubsystemPrivateSbus/coupler_to_port_named_axi4_sys_port_0/bridge_for_axi4_sys_port_0/axi4yank/rqueues_q_0/ram_reg[9],
SubsystemPrivateSbus/coupler_to_port_named_axi4_sys_port_0/bridge_for_axi4_sys_port_0/axi4yank/rqueues_q_0/redundant_outputs_ctrl/maybe_full_reg,
SubsystemPrivateSbus/coupler_to_port_named_axi4_sys_port_0/bridge_for_axi4_sys_port_0/axi4yank/rqueues_q_1/ram_ext/Memory_reg_0_7_0_13/RAMA (in SubsystemPrivateSbus/coupler_to_port_named_axi4_sys_port_0/bridge_for_axi4_sys_port_0/axi4yank/rqueues_q_1/ram_ext/Memory_reg_0_7_0_13 macro)
 (the first 15 of 88 listed)
Related violations: <none>

PLHOLDVIO-2#11 Warning
Non-Optimal connections which could lead to hold violations  
A LUT gatedClockConnector/connector/clockGate/clock_connector_clock_gate_bundle_out_0_clock_clockConnector_clockGate_clock_gate/U_EICG/ram[13]_i_3__1 is driving clock pin of 57 cells. This could lead to large hold time violations. Involved cells are:
SubsystemPrivateSbus/coupler_to_port_named_axi4_sys_port_0/bridge_for_axi4_sys_port_0/axi4yank/wqueues_q_0/ram_reg[10],
SubsystemPrivateSbus/coupler_to_port_named_axi4_sys_port_0/bridge_for_axi4_sys_port_0/axi4yank/wqueues_q_0/ram_reg[11],
SubsystemPrivateSbus/coupler_to_port_named_axi4_sys_port_0/bridge_for_axi4_sys_port_0/axi4yank/wqueues_q_0/ram_reg[12],
SubsystemPrivateSbus/coupler_to_port_named_axi4_sys_port_0/bridge_for_axi4_sys_port_0/axi4yank/wqueues_q_0/ram_reg[13],
SubsystemPrivateSbus/coupler_to_port_named_axi4_sys_port_0/bridge_for_axi4_sys_port_0/axi4yank/wqueues_q_0/ram_reg[3],
SubsystemPrivateSbus/coupler_to_port_named_axi4_sys_port_0/bridge_for_axi4_sys_port_0/axi4yank/wqueues_q_0/ram_reg[4],
SubsystemPrivateSbus/coupler_to_port_named_axi4_sys_port_0/bridge_for_axi4_sys_port_0/axi4yank/wqueues_q_0/ram_reg[5],
SubsystemPrivateSbus/coupler_to_port_named_axi4_sys_port_0/bridge_for_axi4_sys_port_0/axi4yank/wqueues_q_0/ram_reg[7],
SubsystemPrivateSbus/coupler_to_port_named_axi4_sys_port_0/bridge_for_axi4_sys_port_0/axi4yank/wqueues_q_0/ram_reg[8],
SubsystemPrivateSbus/coupler_to_port_named_axi4_sys_port_0/bridge_for_axi4_sys_port_0/axi4yank/wqueues_q_0/ram_reg[9],
SubsystemPrivateSbus/coupler_to_port_named_axi4_sys_port_0/bridge_for_axi4_sys_port_0/axi4yank/wqueues_q_0/redundant_outputs_ctrl/maybe_full_reg,
SubsystemPrivateSbus/coupler_to_port_named_axi4_sys_port_0/bridge_for_axi4_sys_port_0/axi4yank/wqueues_q_1/ram_ext/Memory_reg_0_7_0_13/RAMA (in SubsystemPrivateSbus/coupler_to_port_named_axi4_sys_port_0/bridge_for_axi4_sys_port_0/axi4yank/wqueues_q_1/ram_ext/Memory_reg_0_7_0_13 macro),
SubsystemPrivateSbus/coupler_to_port_named_axi4_sys_port_0/bridge_for_axi4_sys_port_0/axi4yank/wqueues_q_1/ram_ext/Memory_reg_0_7_0_13/RAMA_D1 (in SubsystemPrivateSbus/coupler_to_port_named_axi4_sys_port_0/bridge_for_axi4_sys_port_0/axi4yank/wqueues_q_1/ram_ext/Memory_reg_0_7_0_13 macro),
SubsystemPrivateSbus/coupler_to_port_named_axi4_sys_port_0/bridge_for_axi4_sys_port_0/axi4yank/wqueues_q_1/ram_ext/Memory_reg_0_7_0_13/RAMB (in SubsystemPrivateSbus/coupler_to_port_named_axi4_sys_port_0/bridge_for_axi4_sys_port_0/axi4yank/wqueues_q_1/ram_ext/Memory_reg_0_7_0_13 macro),
SubsystemPrivateSbus/coupler_to_port_named_axi4_sys_port_0/bridge_for_axi4_sys_port_0/axi4yank/wqueues_q_1/ram_ext/Memory_reg_0_7_0_13/RAMB_D1 (in SubsystemPrivateSbus/coupler_to_port_named_axi4_sys_port_0/bridge_for_axi4_sys_port_0/axi4yank/wqueues_q_1/ram_ext/Memory_reg_0_7_0_13 macro)
 (the first 15 of 57 listed)
Related violations: <none>

PLHOLDVIO-2#12 Warning
Non-Optimal connections which could lead to hold violations  
A LUT gatedClockConnector/connector/clockGate/clock_connector_clock_gate_bundle_out_0_clock_clockConnector_clockGate_clock_gate/U_EICG/ram[9]_i_2__4 is driving clock pin of 40 cells. This could lead to large hold time violations. Involved cells are:
SubsystemMbus/coupler_to_port_named_axi4_mem_port_0/bridge_for_axi4_mem_port_0/axi4yank/rqueues_q_0/ram_reg[0],
SubsystemMbus/coupler_to_port_named_axi4_mem_port_0/bridge_for_axi4_mem_port_0/axi4yank/rqueues_q_0/ram_reg[1],
SubsystemMbus/coupler_to_port_named_axi4_mem_port_0/bridge_for_axi4_mem_port_0/axi4yank/rqueues_q_0/ram_reg[2],
SubsystemMbus/coupler_to_port_named_axi4_mem_port_0/bridge_for_axi4_mem_port_0/axi4yank/rqueues_q_0/ram_reg[3],
SubsystemMbus/coupler_to_port_named_axi4_mem_port_0/bridge_for_axi4_mem_port_0/axi4yank/rqueues_q_0/ram_reg[4],
SubsystemMbus/coupler_to_port_named_axi4_mem_port_0/bridge_for_axi4_mem_port_0/axi4yank/rqueues_q_0/ram_reg[5],
SubsystemMbus/coupler_to_port_named_axi4_mem_port_0/bridge_for_axi4_mem_port_0/axi4yank/rqueues_q_0/ram_reg[6],
SubsystemMbus/coupler_to_port_named_axi4_mem_port_0/bridge_for_axi4_mem_port_0/axi4yank/rqueues_q_0/ram_reg[8],
SubsystemMbus/coupler_to_port_named_axi4_mem_port_0/bridge_for_axi4_mem_port_0/axi4yank/rqueues_q_0/ram_reg[9],
SubsystemMbus/coupler_to_port_named_axi4_mem_port_0/bridge_for_axi4_mem_port_0/axi4yank/rqueues_q_0/redundant_outputs_ctrl/maybe_full_reg,
SubsystemMbus/coupler_to_port_named_axi4_mem_port_0/bridge_for_axi4_mem_port_0/axi4yank/rqueues_q_1/ram_reg[0],
SubsystemMbus/coupler_to_port_named_axi4_mem_port_0/bridge_for_axi4_mem_port_0/axi4yank/rqueues_q_1/ram_reg[1],
SubsystemMbus/coupler_to_port_named_axi4_mem_port_0/bridge_for_axi4_mem_port_0/axi4yank/rqueues_q_1/ram_reg[2],
SubsystemMbus/coupler_to_port_named_axi4_mem_port_0/bridge_for_axi4_mem_port_0/axi4yank/rqueues_q_1/ram_reg[3],
SubsystemMbus/coupler_to_port_named_axi4_mem_port_0/bridge_for_axi4_mem_port_0/axi4yank/rqueues_q_1/ram_reg[4]
 (the first 15 of 40 listed)
Related violations: <none>

PLHOLDVIO-2#13 Warning
Non-Optimal connections which could lead to hold violations  
A LUT gatedClockConnector/connector/clockGate/clock_connector_clock_gate_bundle_out_0_clock_clockConnector_clockGate_clock_gate/U_EICG/ram[9]_i_2__5 is driving clock pin of 32 cells. This could lead to large hold time violations. Involved cells are:
SubsystemMbus/coupler_to_port_named_axi4_mem_port_0/bridge_for_axi4_mem_port_0/axi4yank/wqueues_q_0/ram_reg[2],
SubsystemMbus/coupler_to_port_named_axi4_mem_port_0/bridge_for_axi4_mem_port_0/axi4yank/wqueues_q_0/ram_reg[3],
SubsystemMbus/coupler_to_port_named_axi4_mem_port_0/bridge_for_axi4_mem_port_0/axi4yank/wqueues_q_0/ram_reg[4],
SubsystemMbus/coupler_to_port_named_axi4_mem_port_0/bridge_for_axi4_mem_port_0/axi4yank/wqueues_q_0/ram_reg[5],
SubsystemMbus/coupler_to_port_named_axi4_mem_port_0/bridge_for_axi4_mem_port_0/axi4yank/wqueues_q_0/ram_reg[6],
SubsystemMbus/coupler_to_port_named_axi4_mem_port_0/bridge_for_axi4_mem_port_0/axi4yank/wqueues_q_0/ram_reg[8],
SubsystemMbus/coupler_to_port_named_axi4_mem_port_0/bridge_for_axi4_mem_port_0/axi4yank/wqueues_q_0/ram_reg[9],
SubsystemMbus/coupler_to_port_named_axi4_mem_port_0/bridge_for_axi4_mem_port_0/axi4yank/wqueues_q_0/redundant_outputs_ctrl/maybe_full_reg,
SubsystemMbus/coupler_to_port_named_axi4_mem_port_0/bridge_for_axi4_mem_port_0/axi4yank/wqueues_q_1/ram_reg[2],
SubsystemMbus/coupler_to_port_named_axi4_mem_port_0/bridge_for_axi4_mem_port_0/axi4yank/wqueues_q_1/ram_reg[3],
SubsystemMbus/coupler_to_port_named_axi4_mem_port_0/bridge_for_axi4_mem_port_0/axi4yank/wqueues_q_1/ram_reg[4],
SubsystemMbus/coupler_to_port_named_axi4_mem_port_0/bridge_for_axi4_mem_port_0/axi4yank/wqueues_q_1/ram_reg[5],
SubsystemMbus/coupler_to_port_named_axi4_mem_port_0/bridge_for_axi4_mem_port_0/axi4yank/wqueues_q_1/ram_reg[6],
SubsystemMbus/coupler_to_port_named_axi4_mem_port_0/bridge_for_axi4_mem_port_0/axi4yank/wqueues_q_1/ram_reg[8],
SubsystemMbus/coupler_to_port_named_axi4_mem_port_0/bridge_for_axi4_mem_port_0/axi4yank/wqueues_q_1/ram_reg[9]
 (the first 15 of 32 listed)
Related violations: <none>

PLHOLDVIO-2#14 Warning
Non-Optimal connections which could lead to hold violations  
A LUT tile_prci_domain/tile_clock_domain/tile_clock_domain_glue/cdc_reg[23]_i_2 is driving clock pin of 2341 cells. This could lead to large hold time violations. Involved cells are:
tile_prci_domain/tile_clock_domain/tile_clock_domain_glue/rawResetDomain/traceFrontend/traceInBlock/btmCountFull_reg,
tile_prci_domain/tile_clock_domain/tile_clock_domain_glue/rawResetDomain/traceFrontend/traceInBlock/btmCount_reg[0],
tile_prci_domain/tile_clock_domain/tile_clock_domain_glue/rawResetDomain/traceFrontend/traceInBlock/btmCount_reg[10],
tile_prci_domain/tile_clock_domain/tile_clock_domain_glue/rawResetDomain/traceFrontend/traceInBlock/btmCount_reg[11],
tile_prci_domain/tile_clock_domain/tile_clock_domain_glue/rawResetDomain/traceFrontend/traceInBlock/btmCount_reg[12],
tile_prci_domain/tile_clock_domain/tile_clock_domain_glue/rawResetDomain/traceFrontend/traceInBlock/btmCount_reg[13],
tile_prci_domain/tile_clock_domain/tile_clock_domain_glue/rawResetDomain/traceFrontend/traceInBlock/btmCount_reg[14],
tile_prci_domain/tile_clock_domain/tile_clock_domain_glue/rawResetDomain/traceFrontend/traceInBlock/btmCount_reg[15],
tile_prci_domain/tile_clock_domain/tile_clock_domain_glue/rawResetDomain/traceFrontend/traceInBlock/btmCount_reg[16],
tile_prci_domain/tile_clock_domain/tile_clock_domain_glue/rawResetDomain/traceFrontend/traceInBlock/btmCount_reg[1],
tile_prci_domain/tile_clock_domain/tile_clock_domain_glue/rawResetDomain/traceFrontend/traceInBlock/btmCount_reg[2],
tile_prci_domain/tile_clock_domain/tile_clock_domain_glue/rawResetDomain/traceFrontend/traceInBlock/btmCount_reg[3],
tile_prci_domain/tile_clock_domain/tile_clock_domain_glue/rawResetDomain/traceFrontend/traceInBlock/btmCount_reg[4],
tile_prci_domain/tile_clock_domain/tile_clock_domain_glue/rawResetDomain/traceFrontend/traceInBlock/btmCount_reg[5],
tile_prci_domain/tile_clock_domain/tile_clock_domain_glue/rawResetDomain/traceFrontend/traceInBlock/btmCount_reg[6]
 (the first 15 of 2341 listed)
Related violations: <none>

PLHOLDVIO-2#15 Warning
Non-Optimal connections which could lead to hold violations  
A LUT tile_prci_domain/tile_clock_domain/tile_clock_domain_glue/rawResetDomain/tileClockGate/tile_bundle_out_0_clock_tile_clock_gate/U_EICG/Memory[30][31]_i_2__1 is driving clock pin of 4108 cells. This could lead to large hold time violations. Involved cells are:
tile_prci_domain/tile_clock_domain/tile/core/csr/bpu_retain_debug_1_reg,
tile_prci_domain/tile_clock_domain/tile/core/csr/bpu_retain_debug_2_reg,
tile_prci_domain/tile_clock_domain/tile/core/csr/bpu_retain_debug_3_reg,
tile_prci_domain/tile_clock_domain/tile/core/csr/bpu_retain_debug_reg,
tile_prci_domain/tile_clock_domain/tile/core/csr/bpu_retain_wphit_1_reg,
tile_prci_domain/tile_clock_domain/tile/core/csr/bpu_retain_wphit_2_reg,
tile_prci_domain/tile_clock_domain/tile/core/csr/bpu_retain_wphit_3_reg,
tile_prci_domain/tile_clock_domain/tile/core/csr/bpu_retain_wphit_reg,
tile_prci_domain/tile_clock_domain/tile/core/csr/bpu_retain_xcpt_1_reg,
tile_prci_domain/tile_clock_domain/tile/core/csr/bpu_retain_xcpt_2_reg,
tile_prci_domain/tile_clock_domain/tile/core/csr/bpu_retain_xcpt_3_reg,
tile_prci_domain/tile_clock_domain/tile/core/csr/bpu_retain_xcpt_reg,
tile_prci_domain/tile_clock_domain/tile/core/csr/eventinhibit_reg[3],
tile_prci_domain/tile_clock_domain/tile/core/csr/eventinhibit_reg[4],
tile_prci_domain/tile_clock_domain/tile/core/csr/io_status_cease_r_reg
 (the first 15 of 4108 listed)
Related violations: <none>

PLHOLDVIO-2#16 Warning
Non-Optimal connections which could lead to hold violations  
A LUT tile_prci_domain/tile_clock_domain/tile_clock_domain_glue/rawResetDomain/tileClockGate/tile_bundle_out_0_clock_tile_clock_gate/U_EICG/Memory[30][32]_i_2 is driving clock pin of 1736 cells. This could lead to large hold time violations. Involved cells are:
tile_prci_domain/tile_clock_domain/tile/core/fpu/divCyclesRemaining_reg[0],
tile_prci_domain/tile_clock_domain/tile/core/fpu/divCyclesRemaining_reg[1],
tile_prci_domain/tile_clock_domain/tile/core/fpu/divCyclesRemaining_reg[2],
tile_prci_domain/tile_clock_domain/tile/core/fpu/divCyclesRemaining_reg[3],
tile_prci_domain/tile_clock_domain/tile/core/fpu/divCyclesRemaining_reg[4],
tile_prci_domain/tile_clock_domain/tile/core/fpu/divSqrts_0/io_out_valid_REG_reg,
tile_prci_domain/tile_clock_domain/tile/core/fpu/divSqrts_0/unit/divSqrtRecFNToRaw/divSqrtRawFN/cycleNum_reg[0],
tile_prci_domain/tile_clock_domain/tile/core/fpu/divSqrts_0/unit/divSqrtRecFNToRaw/divSqrtRawFN/cycleNum_reg[1],
tile_prci_domain/tile_clock_domain/tile/core/fpu/divSqrts_0/unit/divSqrtRecFNToRaw/divSqrtRawFN/cycleNum_reg[2],
tile_prci_domain/tile_clock_domain/tile/core/fpu/divSqrts_0/unit/divSqrtRecFNToRaw/divSqrtRawFN/cycleNum_reg[3],
tile_prci_domain/tile_clock_domain/tile/core/fpu/divSqrts_0/unit/divSqrtRecFNToRaw/divSqrtRawFN/cycleNum_reg[4],
tile_prci_domain/tile_clock_domain/tile/core/fpu/divSqrts_0/unit/divSqrtRecFNToRaw/divSqrtRawFN/fractB_Z_reg[0],
tile_prci_domain/tile_clock_domain/tile/core/fpu/divSqrts_0/unit/divSqrtRecFNToRaw/divSqrtRawFN/fractB_Z_reg[10],
tile_prci_domain/tile_clock_domain/tile/core/fpu/divSqrts_0/unit/divSqrtRecFNToRaw/divSqrtRawFN/fractB_Z_reg[11],
tile_prci_domain/tile_clock_domain/tile/core/fpu/divSqrts_0/unit/divSqrtRecFNToRaw/divSqrtRawFN/fractB_Z_reg[12]
 (the first 15 of 1736 listed)
Related violations: <none>

PLHOLDVIO-2#17 Warning
Non-Optimal connections which could lead to hold violations  
A LUT tile_prci_domain/tile_clock_domain/tile_clock_domain_glue/rawResetDomain/tileClockGate/tile_bundle_out_0_clock_tile_clock_gate/U_EICG/deq_ptr_value[1]_i_3__4 is driving clock pin of 1082 cells. This could lead to large hold time violations. Involved cells are:
tile_prci_domain/tile_clock_domain/tile/dcache/REG_0_reg,
tile_prci_domain/tile_clock_domain/tile/dcache/a_addr_reg[0],
tile_prci_domain/tile_clock_domain/tile/dcache/a_addr_reg[10],
tile_prci_domain/tile_clock_domain/tile/dcache/a_addr_reg[11],
tile_prci_domain/tile_clock_domain/tile/dcache/a_addr_reg[12],
tile_prci_domain/tile_clock_domain/tile/dcache/a_addr_reg[13],
tile_prci_domain/tile_clock_domain/tile/dcache/a_addr_reg[14],
tile_prci_domain/tile_clock_domain/tile/dcache/a_addr_reg[15],
tile_prci_domain/tile_clock_domain/tile/dcache/a_addr_reg[16],
tile_prci_domain/tile_clock_domain/tile/dcache/a_addr_reg[17],
tile_prci_domain/tile_clock_domain/tile/dcache/a_addr_reg[18],
tile_prci_domain/tile_clock_domain/tile/dcache/a_addr_reg[19],
tile_prci_domain/tile_clock_domain/tile/dcache/a_addr_reg[1],
tile_prci_domain/tile_clock_domain/tile/dcache/a_addr_reg[20],
tile_prci_domain/tile_clock_domain/tile/dcache/a_addr_reg[21]
 (the first 15 of 1082 listed)
Related violations: <none>

PLHOLDVIO-2#18 Warning
Non-Optimal connections which could lead to hold violations  
A LUT tile_prci_domain/tile_clock_domain/tile_clock_domain_glue/rawResetDomain/tileClockGate/tile_bundle_out_0_clock_tile_clock_gate/U_EICG/fpu_clock_en_reg_i_2 is driving clock pin of 2094 cells. This could lead to large hold time violations. Involved cells are:
ram_reg_0_i_100, ram_reg_0_i_40, ram_reg_0_i_41, ram_reg_0_i_42,
ram_reg_0_i_43, ram_reg_0_i_44, ram_reg_0_i_45__0, ram_reg_0_i_46,
ram_reg_0_i_46__0, ram_reg_0_i_47, ram_reg_0_i_48, ram_reg_0_i_49,
ram_reg_0_i_50, ram_reg_0_i_51, ram_reg_0_i_52
 (the first 15 of 2094 listed)
Related violations: <none>

PLHOLDVIO-2#19 Warning
Non-Optimal connections which could lead to hold violations  
A LUT tile_prci_domain/tile_clock_domain/tile_clock_domain_glue/rawResetDomain/tileClockGate/tile_bundle_out_0_clock_tile_clock_gate/U_EICG/ram_reg_0_255_0_0_i_1__1 is driving clock pin of 1703 cells. This could lead to large hold time violations. Involved cells are:
ram_reg_0_bram_0_i_26, ram_reg_0_bram_0_i_27, ram_reg_0_bram_0_i_28,
ram_reg_0_bram_0_i_29, ram_reg_0_bram_0_i_30, ram_reg_0_bram_0_i_31,
ram_reg_0_bram_0_i_32, ram_reg_0_bram_0_i_34, ram_reg_0_bram_0_i_35,
ram_reg_0_i_22, ram_reg_0_i_23, ram_reg_0_i_24, ram_reg_0_i_25,
ram_reg_0_i_26, ram_reg_0_i_27 (the first 15 of 1703 listed)
Related violations: <none>

PLHOLDVIO-2#20 Warning
Non-Optimal connections which could lead to hold violations  
A LUT tile_prci_domain/tile_uncore_domain/traceEncoder/gatedClock_te_clock_gate/U_EICG/btmSeen_i_2 is driving clock pin of 824 cells. This could lead to large hold time violations. Involved cells are:
tile_prci_domain/tile_uncore_domain/traceEncoder/btmEventFromIng_sink/count_reg[0],
tile_prci_domain/tile_uncore_domain/traceEncoder/btmEventFromIng_sink/count_reg[1],
tile_prci_domain/tile_uncore_domain/traceEncoder/btmEventFromIng_sink/deq_gated_q/elts_0_bits_reg[0],
tile_prci_domain/tile_uncore_domain/traceEncoder/btmEventFromIng_sink/deq_gated_q/elts_0_bits_reg[10],
tile_prci_domain/tile_uncore_domain/traceEncoder/btmEventFromIng_sink/deq_gated_q/elts_0_bits_reg[11],
tile_prci_domain/tile_uncore_domain/traceEncoder/btmEventFromIng_sink/deq_gated_q/elts_0_bits_reg[12],
tile_prci_domain/tile_uncore_domain/traceEncoder/btmEventFromIng_sink/deq_gated_q/elts_0_bits_reg[13],
tile_prci_domain/tile_uncore_domain/traceEncoder/btmEventFromIng_sink/deq_gated_q/elts_0_bits_reg[14],
tile_prci_domain/tile_uncore_domain/traceEncoder/btmEventFromIng_sink/deq_gated_q/elts_0_bits_reg[15],
tile_prci_domain/tile_uncore_domain/traceEncoder/btmEventFromIng_sink/deq_gated_q/elts_0_bits_reg[16],
tile_prci_domain/tile_uncore_domain/traceEncoder/btmEventFromIng_sink/deq_gated_q/elts_0_bits_reg[17],
tile_prci_domain/tile_uncore_domain/traceEncoder/btmEventFromIng_sink/deq_gated_q/elts_0_bits_reg[18],
tile_prci_domain/tile_uncore_domain/traceEncoder/btmEventFromIng_sink/deq_gated_q/elts_0_bits_reg[19],
tile_prci_domain/tile_uncore_domain/traceEncoder/btmEventFromIng_sink/deq_gated_q/elts_0_bits_reg[1],
tile_prci_domain/tile_uncore_domain/traceEncoder/btmEventFromIng_sink/deq_gated_q/elts_0_bits_reg[20]
 (the first 15 of 824 listed)
Related violations: <none>

PLHOLDVIO-2#21 Warning
Non-Optimal connections which could lead to hold violations  
A LUT tile_prci_domain_1/tile_clock_domain/tile_clock_domain_glue/cdc_reg[23]_i_2 is driving clock pin of 2341 cells. This could lead to large hold time violations. Involved cells are:
tile_prci_domain_1/tile_clock_domain/tile_clock_domain_glue/rawResetDomain/traceFrontend/traceInBlock/btmCountFull_reg,
tile_prci_domain_1/tile_clock_domain/tile_clock_domain_glue/rawResetDomain/traceFrontend/traceInBlock/btmCount_reg[0],
tile_prci_domain_1/tile_clock_domain/tile_clock_domain_glue/rawResetDomain/traceFrontend/traceInBlock/btmCount_reg[10],
tile_prci_domain_1/tile_clock_domain/tile_clock_domain_glue/rawResetDomain/traceFrontend/traceInBlock/btmCount_reg[11],
tile_prci_domain_1/tile_clock_domain/tile_clock_domain_glue/rawResetDomain/traceFrontend/traceInBlock/btmCount_reg[12],
tile_prci_domain_1/tile_clock_domain/tile_clock_domain_glue/rawResetDomain/traceFrontend/traceInBlock/btmCount_reg[13],
tile_prci_domain_1/tile_clock_domain/tile_clock_domain_glue/rawResetDomain/traceFrontend/traceInBlock/btmCount_reg[14],
tile_prci_domain_1/tile_clock_domain/tile_clock_domain_glue/rawResetDomain/traceFrontend/traceInBlock/btmCount_reg[15],
tile_prci_domain_1/tile_clock_domain/tile_clock_domain_glue/rawResetDomain/traceFrontend/traceInBlock/btmCount_reg[16],
tile_prci_domain_1/tile_clock_domain/tile_clock_domain_glue/rawResetDomain/traceFrontend/traceInBlock/btmCount_reg[1],
tile_prci_domain_1/tile_clock_domain/tile_clock_domain_glue/rawResetDomain/traceFrontend/traceInBlock/btmCount_reg[2],
tile_prci_domain_1/tile_clock_domain/tile_clock_domain_glue/rawResetDomain/traceFrontend/traceInBlock/btmCount_reg[3],
tile_prci_domain_1/tile_clock_domain/tile_clock_domain_glue/rawResetDomain/traceFrontend/traceInBlock/btmCount_reg[4],
tile_prci_domain_1/tile_clock_domain/tile_clock_domain_glue/rawResetDomain/traceFrontend/traceInBlock/btmCount_reg[5],
tile_prci_domain_1/tile_clock_domain/tile_clock_domain_glue/rawResetDomain/traceFrontend/traceInBlock/btmCount_reg[6]
 (the first 15 of 2341 listed)
Related violations: <none>

PLHOLDVIO-2#22 Warning
Non-Optimal connections which could lead to hold violations  
A LUT tile_prci_domain_1/tile_clock_domain/tile_clock_domain_glue/rawResetDomain/tileClockGate/tile_bundle_out_0_clock_tile_clock_gate/U_EICG/Memory[30][31]_i_2__2 is driving clock pin of 4108 cells. This could lead to large hold time violations. Involved cells are:
tile_prci_domain_1/tile_clock_domain/tile/core/csr/bpu_retain_debug_1_reg,
tile_prci_domain_1/tile_clock_domain/tile/core/csr/bpu_retain_debug_2_reg,
tile_prci_domain_1/tile_clock_domain/tile/core/csr/bpu_retain_debug_3_reg,
tile_prci_domain_1/tile_clock_domain/tile/core/csr/bpu_retain_debug_reg,
tile_prci_domain_1/tile_clock_domain/tile/core/csr/bpu_retain_wphit_1_reg,
tile_prci_domain_1/tile_clock_domain/tile/core/csr/bpu_retain_wphit_2_reg,
tile_prci_domain_1/tile_clock_domain/tile/core/csr/bpu_retain_wphit_3_reg,
tile_prci_domain_1/tile_clock_domain/tile/core/csr/bpu_retain_wphit_reg,
tile_prci_domain_1/tile_clock_domain/tile/core/csr/bpu_retain_xcpt_1_reg,
tile_prci_domain_1/tile_clock_domain/tile/core/csr/bpu_retain_xcpt_2_reg,
tile_prci_domain_1/tile_clock_domain/tile/core/csr/bpu_retain_xcpt_3_reg,
tile_prci_domain_1/tile_clock_domain/tile/core/csr/bpu_retain_xcpt_reg,
tile_prci_domain_1/tile_clock_domain/tile/core/csr/eventinhibit_reg[3],
tile_prci_domain_1/tile_clock_domain/tile/core/csr/eventinhibit_reg[4],
tile_prci_domain_1/tile_clock_domain/tile/core/csr/io_status_cease_r_reg
 (the first 15 of 4108 listed)
Related violations: <none>

PLHOLDVIO-2#23 Warning
Non-Optimal connections which could lead to hold violations  
A LUT tile_prci_domain_1/tile_clock_domain/tile_clock_domain_glue/rawResetDomain/tileClockGate/tile_bundle_out_0_clock_tile_clock_gate/U_EICG/Memory[30][32]_i_2__0 is driving clock pin of 1736 cells. This could lead to large hold time violations. Involved cells are:
tile_prci_domain_1/tile_clock_domain/tile/core/fpu/divCyclesRemaining_reg[0],
tile_prci_domain_1/tile_clock_domain/tile/core/fpu/divCyclesRemaining_reg[1],
tile_prci_domain_1/tile_clock_domain/tile/core/fpu/divCyclesRemaining_reg[2],
tile_prci_domain_1/tile_clock_domain/tile/core/fpu/divCyclesRemaining_reg[3],
tile_prci_domain_1/tile_clock_domain/tile/core/fpu/divCyclesRemaining_reg[4],
tile_prci_domain_1/tile_clock_domain/tile/core/fpu/divSqrts_0/io_out_valid_REG_reg,
tile_prci_domain_1/tile_clock_domain/tile/core/fpu/divSqrts_0/unit/divSqrtRecFNToRaw/divSqrtRawFN/cycleNum_reg[0],
tile_prci_domain_1/tile_clock_domain/tile/core/fpu/divSqrts_0/unit/divSqrtRecFNToRaw/divSqrtRawFN/cycleNum_reg[1],
tile_prci_domain_1/tile_clock_domain/tile/core/fpu/divSqrts_0/unit/divSqrtRecFNToRaw/divSqrtRawFN/cycleNum_reg[2],
tile_prci_domain_1/tile_clock_domain/tile/core/fpu/divSqrts_0/unit/divSqrtRecFNToRaw/divSqrtRawFN/cycleNum_reg[3],
tile_prci_domain_1/tile_clock_domain/tile/core/fpu/divSqrts_0/unit/divSqrtRecFNToRaw/divSqrtRawFN/cycleNum_reg[4],
tile_prci_domain_1/tile_clock_domain/tile/core/fpu/divSqrts_0/unit/divSqrtRecFNToRaw/divSqrtRawFN/fractB_Z_reg[0],
tile_prci_domain_1/tile_clock_domain/tile/core/fpu/divSqrts_0/unit/divSqrtRecFNToRaw/divSqrtRawFN/fractB_Z_reg[10],
tile_prci_domain_1/tile_clock_domain/tile/core/fpu/divSqrts_0/unit/divSqrtRecFNToRaw/divSqrtRawFN/fractB_Z_reg[11],
tile_prci_domain_1/tile_clock_domain/tile/core/fpu/divSqrts_0/unit/divSqrtRecFNToRaw/divSqrtRawFN/fractB_Z_reg[12]
 (the first 15 of 1736 listed)
Related violations: <none>

PLHOLDVIO-2#24 Warning
Non-Optimal connections which could lead to hold violations  
A LUT tile_prci_domain_1/tile_clock_domain/tile_clock_domain_glue/rawResetDomain/tileClockGate/tile_bundle_out_0_clock_tile_clock_gate/U_EICG/deq_ptr_value[1]_i_3__5 is driving clock pin of 1082 cells. This could lead to large hold time violations. Involved cells are:
tile_prci_domain_1/tile_clock_domain/tile/dcache/REG_0_reg,
tile_prci_domain_1/tile_clock_domain/tile/dcache/a_addr_reg[0],
tile_prci_domain_1/tile_clock_domain/tile/dcache/a_addr_reg[10],
tile_prci_domain_1/tile_clock_domain/tile/dcache/a_addr_reg[11],
tile_prci_domain_1/tile_clock_domain/tile/dcache/a_addr_reg[12],
tile_prci_domain_1/tile_clock_domain/tile/dcache/a_addr_reg[13],
tile_prci_domain_1/tile_clock_domain/tile/dcache/a_addr_reg[14],
tile_prci_domain_1/tile_clock_domain/tile/dcache/a_addr_reg[15],
tile_prci_domain_1/tile_clock_domain/tile/dcache/a_addr_reg[16],
tile_prci_domain_1/tile_clock_domain/tile/dcache/a_addr_reg[17],
tile_prci_domain_1/tile_clock_domain/tile/dcache/a_addr_reg[18],
tile_prci_domain_1/tile_clock_domain/tile/dcache/a_addr_reg[19],
tile_prci_domain_1/tile_clock_domain/tile/dcache/a_addr_reg[1],
tile_prci_domain_1/tile_clock_domain/tile/dcache/a_addr_reg[20],
tile_prci_domain_1/tile_clock_domain/tile/dcache/a_addr_reg[21]
 (the first 15 of 1082 listed)
Related violations: <none>

PLHOLDVIO-2#25 Warning
Non-Optimal connections which could lead to hold violations  
A LUT tile_prci_domain_1/tile_clock_domain/tile_clock_domain_glue/rawResetDomain/tileClockGate/tile_bundle_out_0_clock_tile_clock_gate/U_EICG/fpu_clock_en_reg_i_2__0 is driving clock pin of 2094 cells. This could lead to large hold time violations. Involved cells are:
ram_reg_0_i_100__0, ram_reg_0_i_40__2, ram_reg_0_i_41__2,
ram_reg_0_i_42__2, ram_reg_0_i_43__2, ram_reg_0_i_44__2, ram_reg_0_i_45__3,
ram_reg_0_i_46__2, ram_reg_0_i_46__3, ram_reg_0_i_47__2, ram_reg_0_i_48__2,
ram_reg_0_i_49__2, ram_reg_0_i_50__2, ram_reg_0_i_51__2, ram_reg_0_i_52__2
 (the first 15 of 2094 listed)
Related violations: <none>

PLHOLDVIO-2#26 Warning
Non-Optimal connections which could lead to hold violations  
A LUT tile_prci_domain_1/tile_clock_domain/tile_clock_domain_glue/rawResetDomain/tileClockGate/tile_bundle_out_0_clock_tile_clock_gate/U_EICG/ram_reg_0_255_0_0_i_1__2 is driving clock pin of 1703 cells. This could lead to large hold time violations. Involved cells are:
ram_reg_0_bram_0_i_26__0, ram_reg_0_bram_0_i_27__0,
ram_reg_0_bram_0_i_28__0, ram_reg_0_bram_0_i_29__0,
ram_reg_0_bram_0_i_30__0, ram_reg_0_bram_0_i_31__0,
ram_reg_0_bram_0_i_32__0, ram_reg_0_bram_0_i_34__0,
ram_reg_0_bram_0_i_35__0, ram_reg_0_i_22__3, ram_reg_0_i_23__3,
ram_reg_0_i_24__3, ram_reg_0_i_25__3, ram_reg_0_i_26__3, ram_reg_0_i_27__3
 (the first 15 of 1703 listed)
Related violations: <none>

PLHOLDVIO-2#27 Warning
Non-Optimal connections which could lead to hold violations  
A LUT tile_prci_domain_1/tile_uncore_domain/traceEncoder/gatedClock_te_clock_gate/U_EICG/btmSeen_i_2__0 is driving clock pin of 824 cells. This could lead to large hold time violations. Involved cells are:
tile_prci_domain_1/tile_uncore_domain/traceEncoder/btmEventFromIng_sink/count_reg[0],
tile_prci_domain_1/tile_uncore_domain/traceEncoder/btmEventFromIng_sink/count_reg[1],
tile_prci_domain_1/tile_uncore_domain/traceEncoder/btmEventFromIng_sink/deq_gated_q/elts_0_bits_reg[0],
tile_prci_domain_1/tile_uncore_domain/traceEncoder/btmEventFromIng_sink/deq_gated_q/elts_0_bits_reg[10],
tile_prci_domain_1/tile_uncore_domain/traceEncoder/btmEventFromIng_sink/deq_gated_q/elts_0_bits_reg[11],
tile_prci_domain_1/tile_uncore_domain/traceEncoder/btmEventFromIng_sink/deq_gated_q/elts_0_bits_reg[12],
tile_prci_domain_1/tile_uncore_domain/traceEncoder/btmEventFromIng_sink/deq_gated_q/elts_0_bits_reg[13],
tile_prci_domain_1/tile_uncore_domain/traceEncoder/btmEventFromIng_sink/deq_gated_q/elts_0_bits_reg[14],
tile_prci_domain_1/tile_uncore_domain/traceEncoder/btmEventFromIng_sink/deq_gated_q/elts_0_bits_reg[15],
tile_prci_domain_1/tile_uncore_domain/traceEncoder/btmEventFromIng_sink/deq_gated_q/elts_0_bits_reg[16],
tile_prci_domain_1/tile_uncore_domain/traceEncoder/btmEventFromIng_sink/deq_gated_q/elts_0_bits_reg[17],
tile_prci_domain_1/tile_uncore_domain/traceEncoder/btmEventFromIng_sink/deq_gated_q/elts_0_bits_reg[18],
tile_prci_domain_1/tile_uncore_domain/traceEncoder/btmEventFromIng_sink/deq_gated_q/elts_0_bits_reg[19],
tile_prci_domain_1/tile_uncore_domain/traceEncoder/btmEventFromIng_sink/deq_gated_q/elts_0_bits_reg[1],
tile_prci_domain_1/tile_uncore_domain/traceEncoder/btmEventFromIng_sink/deq_gated_q/elts_0_bits_reg[20]
 (the first 15 of 824 listed)
Related violations: <none>

PLHOLDVIO-2#28 Warning
Non-Optimal connections which could lead to hold violations  
A LUT traceFunnel/gatedClock_tf_clock_gate/U_EICG/FSM_sequential_tlState[1]_i_3 is driving clock pin of 832 cells. This could lead to large hold time violations. Involved cells are:
ram_reg_0_i_56__5, ram_reg_0_i_57__3, ram_reg_0_i_58__3, ram_reg_0_i_59__3,
ram_reg_0_i_60__3, ram_reg_0_i_61__3, ram_reg_0_i_62__3, ram_reg_0_i_63__3,
ram_reg_0_i_64__3, ram_reg_0_i_65__3, traceFunnel/abits_1_source_reg,
traceFunnel/abits_source_reg, traceFunnel/d_resp_pending_1_reg,
traceFunnel/d_resp_pending_reg, traceFunnel/sinkArbiter/lockIdx_reg
 (the first 15 of 832 listed)
Related violations: <none>


